Component: ARM Compiler 5.06 update 4 (build 422) Tool: armlink [4d35d2]

==============================================================================

Section Cross References

    startup_stm32f407xx.o(STACK) refers (Special) to heapauxi.o(.text) for __use_two_region_memory
    startup_stm32f407xx.o(HEAP) refers (Special) to heapauxi.o(.text) for __use_two_region_memory
    startup_stm32f407xx.o(RESET) refers (Special) to heapauxi.o(.text) for __use_two_region_memory
    startup_stm32f407xx.o(RESET) refers to startup_stm32f407xx.o(STACK) for __initial_sp
    startup_stm32f407xx.o(RESET) refers to startup_stm32f407xx.o(.text) for Reset_Handler
    startup_stm32f407xx.o(RESET) refers to stm32f4xx_it.o(i.NMI_Handler) for NMI_Handler
    startup_stm32f407xx.o(RESET) refers to stm32f4xx_it.o(i.HardFault_Handler) for HardFault_Handler
    startup_stm32f407xx.o(RESET) refers to stm32f4xx_it.o(i.MemManage_Handler) for MemManage_Handler
    startup_stm32f407xx.o(RESET) refers to stm32f4xx_it.o(i.BusFault_Handler) for BusFault_Handler
    startup_stm32f407xx.o(RESET) refers to stm32f4xx_it.o(i.UsageFault_Handler) for UsageFault_Handler
    startup_stm32f407xx.o(RESET) refers to port.o(.emb_text) for SVC_Handler
    startup_stm32f407xx.o(RESET) refers to stm32f4xx_it.o(i.DebugMon_Handler) for DebugMon_Handler
    startup_stm32f407xx.o(RESET) refers to stm32f4xx_it.o(i.SysTick_Handler) for SysTick_Handler
    startup_stm32f407xx.o(RESET) refers to stm32f4xx_it.o(i.EXTI0_IRQHandler) for EXTI0_IRQHandler
    startup_stm32f407xx.o(RESET) refers to stm32f4xx_it.o(i.EXTI3_IRQHandler) for EXTI3_IRQHandler
    startup_stm32f407xx.o(RESET) refers to stm32f4xx_it.o(i.EXTI4_IRQHandler) for EXTI4_IRQHandler
    startup_stm32f407xx.o(RESET) refers to stm32f4xx_it.o(i.CAN1_RX0_IRQHandler) for CAN1_RX0_IRQHandler
    startup_stm32f407xx.o(RESET) refers to stm32f4xx_it.o(i.EXTI9_5_IRQHandler) for EXTI9_5_IRQHandler
    startup_stm32f407xx.o(RESET) refers to clamp_control.o(i.USART1_IRQHandler) for USART1_IRQHandler
    startup_stm32f407xx.o(RESET) refers to remote_control.o(i.USART3_IRQHandler) for USART3_IRQHandler
    startup_stm32f407xx.o(RESET) refers to bsp_i2c.o(i.DMA1_Stream7_IRQHandler) for DMA1_Stream7_IRQHandler
    startup_stm32f407xx.o(RESET) refers to stm32f4xx_it.o(i.DMA2_Stream1_IRQHandler) for DMA2_Stream1_IRQHandler
    startup_stm32f407xx.o(RESET) refers to imu_task.o(i.DMA2_Stream2_IRQHandler) for DMA2_Stream2_IRQHandler
    startup_stm32f407xx.o(RESET) refers to stm32f4xx_it.o(i.CAN2_RX0_IRQHandler) for CAN2_RX0_IRQHandler
    startup_stm32f407xx.o(RESET) refers to stm32f4xx_it.o(i.OTG_FS_IRQHandler) for OTG_FS_IRQHandler
    startup_stm32f407xx.o(RESET) refers to stm32f4xx_it.o(i.DMA2_Stream5_IRQHandler) for DMA2_Stream5_IRQHandler
    startup_stm32f407xx.o(RESET) refers to stm32f4xx_it.o(i.DMA2_Stream6_IRQHandler) for DMA2_Stream6_IRQHandler
    startup_stm32f407xx.o(RESET) refers to stm32f4xx_it.o(i.DMA2_Stream7_IRQHandler) for DMA2_Stream7_IRQHandler
    startup_stm32f407xx.o(.text) refers (Special) to heapauxi.o(.text) for __use_two_region_memory
    startup_stm32f407xx.o(.text) refers to system_stm32f4xx.o(i.SystemInit) for SystemInit
    startup_stm32f407xx.o(.text) refers to __main.o(!!!main) for __main
    startup_stm32f407xx.o(.text) refers to startup_stm32f407xx.o(HEAP) for Heap_Mem
    startup_stm32f407xx.o(.text) refers to startup_stm32f407xx.o(STACK) for Stack_Mem
    main.o(i.SystemClock_Config) refers to rt_memclr_w.o(.text) for __aeabi_memclr4
    main.o(i.SystemClock_Config) refers to stm32f4xx_hal_rcc.o(i.HAL_RCC_OscConfig) for HAL_RCC_OscConfig
    main.o(i.SystemClock_Config) refers to main.o(i.Error_Handler) for Error_Handler
    main.o(i.SystemClock_Config) refers to stm32f4xx_hal_rcc.o(i.HAL_RCC_ClockConfig) for HAL_RCC_ClockConfig
    main.o(i.SystemClock_Config) refers to stm32f4xx_hal_rcc_ex.o(i.HAL_RCCEx_PeriphCLKConfig) for HAL_RCCEx_PeriphCLKConfig
    main.o(i.main) refers to stm32f4xx_hal.o(i.HAL_Init) for HAL_Init
    main.o(i.main) refers to main.o(i.SystemClock_Config) for SystemClock_Config
    main.o(i.main) refers to gpio.o(i.MX_GPIO_Init) for MX_GPIO_Init
    main.o(i.main) refers to dma.o(i.MX_DMA_Init) for MX_DMA_Init
    main.o(i.main) refers to adc.o(i.MX_ADC1_Init) for MX_ADC1_Init
    main.o(i.main) refers to adc.o(i.MX_ADC3_Init) for MX_ADC3_Init
    main.o(i.main) refers to can.o(i.MX_CAN1_Init) for MX_CAN1_Init
    main.o(i.main) refers to can.o(i.MX_CAN2_Init) for MX_CAN2_Init
    main.o(i.main) refers to i2c.o(i.MX_I2C1_Init) for MX_I2C1_Init
    main.o(i.main) refers to spi.o(i.MX_SPI1_Init) for MX_SPI1_Init
    main.o(i.main) refers to tim.o(i.MX_TIM4_Init) for MX_TIM4_Init
    main.o(i.main) refers to tim.o(i.MX_TIM5_Init) for MX_TIM5_Init
    main.o(i.main) refers to usart.o(i.MX_USART3_UART_Init) for MX_USART3_UART_Init
    main.o(i.main) refers to tim.o(i.MX_TIM8_Init) for MX_TIM8_Init
    main.o(i.main) refers to crc.o(i.MX_CRC_Init) for MX_CRC_Init
[...]
    0x08002d36   0x00000002   PAD
    0x08002d38   0x00000130   Code   RO         3283    i.ADC_Init          stm32f4xx_hal_adc.o
    0x08002e68   0x00000018   Code   RO         9584    i.AHRS_asinf        ahrs_middleware.o
    0x08002e80   0x00000020   Code   RO         9585    i.AHRS_atan2f       ahrs_middleware.o
    0x08002ea0   0x00000018   Code   RO         9586    i.AHRS_cosf         ahrs_middleware.o
    0x08002eb8   0x00000010   Code   RO         9587    i.AHRS_get_height   ahrs_middleware.o
    0x08002ec8   0x0000000c   Code   RO         9588    i.AHRS_get_latitude  ahrs_middleware.o
    0x08002ed4   0x0000029c   Code   RO        13333    i.AHRS_init         AHRS.lib(ahrs.o)
    0x08003170   0x00000024   Code   RO         9589    i.AHRS_invSqrt      ahrs_middleware.o
    0x08003194   0x00000018   Code   RO         9590    i.AHRS_sinf         ahrs_middleware.o
    0x080031ac   0x00000002   Code   RO        10996    i.ApplyXFeedbackPolicy  chassis_balance.o
    0x080031ae   0x00000002   Code   RO        10997    i.ApplyYawFeedbackPolicy  chassis_balance.o
    0x080031b0   0x00000014   Code   RO         9375    i.BMI088_ACCEL_NS_H  bmi088middleware.o
    0x080031c4   0x00000014   Code   RO         9376    i.BMI088_ACCEL_NS_L  bmi088middleware.o
    0x080031d8   0x00000002   Code   RO         9377    i.BMI088_GPIO_init  bmi088middleware.o
    0x080031da   0x00000002   PAD
    0x080031dc   0x00000014   Code   RO         9378    i.BMI088_GYRO_NS_H  bmi088middleware.o
    0x080031f0   0x00000014   Code   RO         9379    i.BMI088_GYRO_NS_L  bmi088middleware.o
    0x08003204   0x00000090   Code   RO         9239    i.BMI088_accel_read_over  bmi088driver.o
    0x08003294   0x00000002   Code   RO         9380    i.BMI088_com_init   bmi088middleware.o
    0x08003296   0x0000000c   Code   RO         9381    i.BMI088_delay_ms   bmi088middleware.o
    0x080032a2   0x0000000c   Code   RO         9382    i.BMI088_delay_us   bmi088middleware.o
    0x080032ae   0x00000002   PAD
    0x080032b0   0x00000068   Code   RO         9240    i.BMI088_gyro_read_over  bmi088driver.o
    0x08003318   0x00000034   Code   RO         9241    i.BMI088_init       bmi088driver.o
    0x0800334c   0x0000017c   Code   RO         9242    i.BMI088_read       bmi088driver.o
    0x080034c8   0x00000026   Code   RO         9245    i.BMI088_read_muli_reg  bmi088driver.o
    0x080034ee   0x00000018   Code   RO         9246    i.BMI088_read_single_reg  bmi088driver.o
    0x08003506   0x00000002   PAD
    0x08003508   0x00000020   Code   RO         9383    i.BMI088_read_write_byte  bmi088middleware.o
    0x08003528   0x00000034   Code   RO         9247    i.BMI088_temperature_read_over  bmi088driver.o
    0x0800355c   0x00000014   Code   RO         9248    i.BMI088_write_single_reg  bmi088driver.o
    0x08003570   0x0000045c   Code   RO        10998    i.BodyMotionObserve  chassis_balance.o
    0x080039cc   0x00000004   Code   RO         1332    i.BusFault_Handler  stm32f4xx_it.o
    0x080039d0   0x00000010   Code   RO         1333    i.CAN1_RX0_IRQHandler  stm32f4xx_it.o
    0x080039e0   0x00000010   Code   RO         1334    i.CAN2_RX0_IRQHandler  stm32f4xx_it.o
    0x080039f0   0x00000036   Code   RO         8507    i.CAN_SendTxMessage  bsp_can.o
    0x08003a26   0x00000044   Code   RO         1268    i.CDC_Control_FS    usbd_cdc_if.o
    0x08003a6a   0x00000004   Code   RO         1269    i.CDC_DeInit_FS     usbd_cdc_if.o
    0x08003a6e   0x00000002   PAD
    0x08003a70   0x00000024   Code   RO         1270    i.CDC_Init_FS       usbd_cdc_if.o
    0x08003a94   0x00000050   Code   RO         1271    i.CDC_Receive_FS    usbd_cdc_if.o
    0x08003ae4   0x00000038   Code   RO         1272    i.CDC_Transmit_FS   usbd_cdc_if.o
    0x08003b1c   0x00000314   Code   RO        11462    i.CalcJacobian      chassis_balance_extras.o
    0x08003e30   0x000001f2   Code   RO        11000    i.CalcLQR_Pro_NoTail  chassis_balance.o
    0x08004022   0x000002e6   Code   RO        11001    i.CalcLQR_Pro_Tail  chassis_balance.o
    0x08004308   0x000001c2   Code   RO        11002    i.CalcLQR_Pro_Tripod  chassis_balance.o
    0x080044ca   0x00000002   PAD
    0x080044cc   0x00000060   Code   RO        11603    i.CalcLegLengthDiff  chassis_balance_extras.o
    0x0800452c   0x0000004e   Code   RO        11004    i.CalcMPC           chassis_balance.o
    0x0800457a   0x0000006e   Code   RO        11463    i.CalcVmc           chassis_balance_extras.o
    0x080045e8   0x00000048   Code   RO        11005    i.ChassisConsole    chassis_balance.o
    0x08004630   0x00000008   Code   RO        11006    i.ChassisGetBodyXControlError  chassis_balance.o
    0x08004638   0x00000014   Code   RO        11007    i.ChassisGetBodyXRawError  chassis_balance.o
    0x0800464c   0x00000114   Code   RO        11008    i.ChassisHandleException  chassis_balance.o
    0x08004760   0x00000508   Code   RO        11009    i.ChassisInit       chassis_balance.o
    0x08004c68   0x00000038   Code   RO        11010    i.ChassisObserver   chassis_balance.o
    0x08004ca0   0x00000024   Code   RO        11011    i.ChassisPublish    chassis_balance.o
    0x08004cc4   0x000007dc   Code   RO        11012    i.ChassisReference  chassis_balance.o
    0x080054a0   0x0000000c   Code   RO        11013    i.ChassisSendCmd    chassis_balance.o
    0x080054ac   0x0000010c   Code   RO        11014    i.ChassisSetMode    chassis_balance.o
    0x080055b8   0x00000088   Code   RO        10870    i.ClampBuildAllCommands  clamp_control.o
    0x08005640   0x00000098   Code   RO        10871    i.ClampBuildAllResponses  clamp_control.o
    0x080056d8   0x00000046   Code   RO        10872    i.ClampBuildReadRegsCmd  clamp_control.o
    0x0800571e   0x0000003e   Code   RO        10873    i.ClampBuildReadRegsRsp  clamp_control.o
    0x0800575c   0x00000040   Code   RO        10874    i.ClampBuildTargetCommand  clamp_control.o
    0x0800579c   0x00000046   Code   RO        10875    i.ClampBuildWriteRegsAck  clamp_control.o
    0x080057e2   0x00000094   Code   RO        10876    i.ClampBuildWriteRegsCmd  clamp_control.o
    0x08005876   0x0000003a   Code   RO        10877    i.ClampCalcCrc16    clamp_control.o
    0x080058b0   0x0000003c   Code   RO        10878    i.ClampFrameContains  clamp_control.o
    0x080058ec   0x000000e8   Code   RO        10879    i.ClampInit         clamp_control.o
    0x080059d4   0x000001bc   Code   RO        10880    i.ClampInitStep     clamp_control.o
    0x08005b90   0x00000018   Code   RO        10881    i.ClampSendFrame    clamp_control.o
    0x08005ba8   0x0000002c   Code   RO        10882    i.ClampSetTarget    clamp_control.o
    0x08005bd4   0x00000048   Code   RO        10883    i.ClampTakeFrame    clamp_control.o
    0x08005c1c   0x00000090   Code   RO        10884    i.ClampUartOnReceiveComplete  clamp_control.o
    0x08005cac   0x00000038   Code   RO        10885    i.ClampUartStartReceive  clamp_control.o
    0x08005ce4   0x00000178   Code   RO        10886    i.Clampcontrol      clamp_control.o
    0x08005e5c   0x000000ac   Code   RO        11015    i.ConsoleBipedal    chassis_balance.o
    0x08005f08   0x00000118   Code   RO        11016    i.ConsoleNoTail     chassis_balance.o
    0x08006020   0x00000208   Code   RO        11017    i.ConsoleStandUp    chassis_balance.o
    0x08006228   0x000000ac   Code   RO        11018    i.ConsoleTripod     chassis_balance.o
    0x080062d4   0x00000044   Code   RO        11019    i.ConsoleZeroForce  chassis_balance.o
    0x08006318   0x000000c0   Code   RO        11465    i.CoordinateLegLength  chassis_balance_extras.o
    0x080063d8   0x000000b4   Code   RO        12967    i.CybergearRxDecode  can_receive.o
    0x0800648c   0x0000007c   Code   RO         8748    i.DMA1_Stream7_IRQHandler  bsp_i2c.o
    0x08006508   0x00000010   Code   RO         1335    i.DMA2_Stream1_IRQHandler  stm32f4xx_it.o
    0x08006518   0x00000898   Code   RO        11886    i.DMA2_Stream2_IRQHandler  imu_task.o
    0x08006db0   0x00000010   Code   RO         1336    i.DMA2_Stream5_IRQHandler  stm32f4xx_it.o
    0x08006dc0   0x00000010   Code   RO         1337    i.DMA2_Stream6_IRQHandler  stm32f4xx_it.o
    0x08006dd0   0x00000010   Code   RO         1338    i.DMA2_Stream7_IRQHandler  stm32f4xx_it.o
    0x08006de0   0x00000034   Code   RO         2615    i.DMA_CalcBaseAndBitshift  stm32f4xx_hal_dma.o
    0x08006e14   0x0000007e   Code   RO         2616    i.DMA_CheckFifoParam  stm32f4xx_hal_dma.o
    0x08006e92   0x00000002   Code   RO         1339    i.DebugMon_Handler  stm32f4xx_it.o
    0x08006e94   0x00000064   Code   RO        12968    i.DecodeExtIdData   can_receive.o
    0x08006ef8   0x00000080   Code   RO        12969    i.DecodeStdIdData   can_receive.o
    0x08006f78   0x0000000a   Code   RO         1340    i.EXTI0_IRQHandler  stm32f4xx_it.o
    0x08006f82   0x0000000a   Code   RO         1341    i.EXTI3_IRQHandler  stm32f4xx_it.o
    0x08006f8c   0x0000000a   Code   RO         1342    i.EXTI4_IRQHandler  stm32f4xx_it.o
    0x08006f96   0x0000000a   Code   RO         1343    i.EXTI9_5_IRQHandler  stm32f4xx_it.o
    0x08006fa0   0x00000002   Code   RO           13    i.Error_Handler     main.o
    0x08006fa2   0x00000002   PAD
    0x08006fa4   0x00000048   Code   RO        11021    i.GetBodyXControllerInput  chassis_balance.o
    0x08006fec   0x00000020   Code   RO        11022    i.GetBodyXPositionError  chassis_balance.o
    0x0800700c   0x00000030   Code   RO        11023    i.GetBodyYawAngleError  chassis_balance.o
    0x0800703c   0x00000038   Code   RO        11751    i.GetCmdData        usb_task.o
    0x08007074   0x00000024   Code   RO        12971    i.GetCybergearFdbData  can_receive.o
    0x08007098   0x00000038   Code   RO        13172    i.GetHcanPoint      can_cmd_lingkong.o
    0x080070d0   0x00000010   Code   RO        12006    i.GetImuAccel       imu_task.o
    0x080070e0   0x00000010   Code   RO        11994    i.GetImuAngle       imu_task.o
    0x080070f0   0x00000010   Code   RO        12000    i.GetImuVelocity    imu_task.o
    0x08007100   0x00000314   Code   RO        11467    i.GetK_MPC          chassis_balance_extras.o
    0x08007414   0x00000124   Code   RO        11469    i.GetK_Pro_Bipedal  chassis_balance_extras.o
    0x08007538   0x000001e8   Code   RO        11470    i.GetK_Pro_NoTail   chassis_balance_extras.o
    0x08007720   0x000000f8   Code   RO        11471    i.GetK_Pro_Tripod   chassis_balance_extras.o
    0x08007818   0x00000210   Code   RO        11473    i.GetL0AndPhi0      chassis_balance_extras.o
    0x08007a28   0x00000020   Code   RO        11024    i.GetLegDeltaX      chassis_balance.o
    0x08007a48   0x0000008c   Code   RO        11474    i.GetLegForce       chassis_balance_extras.o
    0x08007ad4   0x0000013c   Code   RO        12973    i.GetLkFdbData      can_receive.o
    0x08007c10   0x000000e8   Code   RO        12974    i.GetMotorMeasure   can_receive.o
    0x08007cf8   0x00000038   Code   RO        12791    i.GetRcOffline      remote_control.o
    0x08007d30   0x00000088   Code   RO        11476    i.GetT0_Pro_Bipedal  chassis_balance_extras.o
    0x08007db8   0x00000088   Code   RO        11477    i.GetT0_Pro_Tripod  chassis_balance_extras.o
    0x08007e40   0x00000108   Code   RO        11478    i.GetTheta_Pro_Bipedal  chassis_balance_extras.o
    0x08007f48   0x000000c8   Code   RO        11479    i.GetTheta_Pro_NoTail  chassis_balance_extras.o
    0x08008010   0x00000018   Code   RO        11752    i.GetVirtualRcCtrlData  usb_task.o
    0x08008028   0x00000034   Code   RO         1178    i.Get_SerialNum     usbd_desc.o
    0x0800805c   0x000000c4   Code   RO        11028    i.Get_beta          chassis_balance.o
    0x08008120   0x00000032   Code   RO        11480    i.GetdL0AnddPhi0    chassis_balance_extras.o
    0x08008152   0x00000002   PAD
    0x08008154   0x00000174   Code   RO         3285    i.HAL_ADC_ConfigChannel  stm32f4xx_hal_adc.o
    0x080082c8   0x00000006   Code   RO         3292    i.HAL_ADC_GetValue  stm32f4xx_hal_adc.o
    0x080082ce   0x00000056   Code   RO         3294    i.HAL_ADC_Init      stm32f4xx_hal_adc.o
    0x08008324   0x000000ac   Code   RO          455    i.HAL_ADC_MspInit   adc.o
    0x080083d0   0x000000ba   Code   RO         3298    i.HAL_ADC_PollForConversion  stm32f4xx_hal_adc.o
    0x0800848a   0x00000002   PAD
    0x0800848c   0x00000118   Code   RO         3300    i.HAL_ADC_Start     stm32f4xx_hal_adc.o
    0x080085a4   0x00000024   Code   RO         3556    i.HAL_CAN_ActivateNotification  stm32f4xx_hal_can.o
    0x080085c8   0x00000104   Code   RO         3557    i.HAL_CAN_AddTxMessage  stm32f4xx_hal_can.o
    0x080086cc   0x00000128   Code   RO         3558    i.HAL_CAN_ConfigFilter  stm32f4xx_hal_can.o
    0x080087f4   0x00000002   Code   RO         3561    i.HAL_CAN_ErrorCallback  stm32f4xx_hal_can.o
    0x080087f6   0x0000016c   Code   RO         3564    i.HAL_CAN_GetRxMessage  stm32f4xx_hal_can.o
    0x08008962   0x00000032   Code   RO         3566    i.HAL_CAN_GetTxMailboxesFreeLevel  stm32f4xx_hal_can.o
    0x08008994   0x00000234   Code   RO         3568    i.HAL_CAN_IRQHandler  stm32f4xx_hal_can.o
    0x08008bc8   0x00000168   Code   RO         3569    i.HAL_CAN_Init      stm32f4xx_hal_can.o
    0x08008d30   0x00000160   Code   RO          503    i.HAL_CAN_MspInit   can.o
    0x08008e90   0x00000002   Code   RO         3576    i.HAL_CAN_RxFifo0FullCallback  stm32f4xx_hal_can.o
    0x08008e92   0x00000036   Code   RO        12975    i.HAL_CAN_RxFifo0MsgPendingCallback  can_receive.o
    0x08008ec8   0x00000002   Code   RO         3578    i.HAL_CAN_RxFifo1FullCallback  stm32f4xx_hal_can.o
    0x08008eca   0x00000002   Code   RO         3579    i.HAL_CAN_RxFifo1MsgPendingCallback  stm32f4xx_hal_can.o
    0x08008ecc   0x00000002   Code   RO         3580    i.HAL_CAN_SleepCallback  stm32f4xx_hal_can.o
    0x08008ece   0x00000064   Code   RO         3581    i.HAL_CAN_Start     stm32f4xx_hal_can.o
    0x08008f32   0x00000002   Code   RO         3583    i.HAL_CAN_TxMailbox0AbortCallback  stm32f4xx_hal_can.o
    0x08008f34   0x00000002   Code   RO         3584    i.HAL_CAN_TxMailbox0CompleteCallback  stm32f4xx_hal_can.o
    0x08008f36   0x00000002   Code   RO         3585    i.HAL_CAN_TxMailbox1AbortCallback  stm32f4xx_hal_can.o
    0x08008f38   0x00000002   Code   RO         3586    i.HAL_CAN_TxMailbox1CompleteCallback  stm32f4xx_hal_can.o
    0x08008f3a   0x00000002   Code   RO         3587    i.HAL_CAN_TxMailbox2AbortCallback  stm32f4xx_hal_can.o
    0x08008f3c   0x00000002   Code   RO         3588    i.HAL_CAN_TxMailbox2CompleteCallback  stm32f4xx_hal_can.o
    0x08008f3e   0x00000002   Code   RO         3590    i.HAL_CAN_WakeUpFromRxMsgCallback  stm32f4xx_hal_can.o
    0x08008f40   0x00000028   Code   RO         3793    i.HAL_CRC_Init      stm32f4xx_hal_crc.o
    0x08008f68   0x00000034   Code   RO          552    i.HAL_CRC_MspInit   crc.o
    0x08008f9c   0x00000024   Code   RO         2619    i.HAL_DMA_Abort_IT  stm32f4xx_hal_dma.o
    0x08008fc0   0x000001ec   Code   RO         2623    i.HAL_DMA_IRQHandler  stm32f4xx_hal_dma.o
    0x080091ac   0x000000ec   Code   RO         2624    i.HAL_DMA_Init      stm32f4xx_hal_dma.o
    0x08009298   0x00000028   Code   RO         3032    i.HAL_Delay         stm32f4xx_hal.o
    0x080092c0   0x000000b8   Code   RO        11888    i.HAL_GPIO_EXTI_Callback  imu_task.o
    0x08009378   0x00000018   Code   RO         2510    i.HAL_GPIO_EXTI_IRQHandler  stm32f4xx_hal_gpio.o
    0x08009390   0x0000021c   Code   RO         2511    i.HAL_GPIO_Init     stm32f4xx_hal_gpio.o
    0x080095ac   0x0000000e   Code   RO         2515    i.HAL_GPIO_WritePin  stm32f4xx_hal_gpio.o
    0x080095ba   0x00000002   PAD
    0x080095bc   0x0000000c   Code   RO         3038    i.HAL_GetTick       stm32f4xx_hal.o
    0x080095c8   0x00000198   Code   RO         3860    i.HAL_I2C_Init      stm32f4xx_hal_i2c.o
    0x08009760   0x00000160   Code   RO         3873    i.HAL_I2C_Master_Transmit  stm32f4xx_hal_i2c.o
    0x080098c0   0x000002c0   Code   RO         3878    i.HAL_I2C_Mem_Read  stm32f4xx_hal_i2c.o
    0x08009b80   0x00000174   Code   RO         3881    i.HAL_I2C_Mem_Write  stm32f4xx_hal_i2c.o
    0x08009cf4   0x00000208   Code   RO          618    i.HAL_I2C_MspInit   i2c.o
    0x08009efc   0x00000010   Code   RO         3044    i.HAL_IncTick       stm32f4xx_hal.o
    0x08009f0c   0x00000034   Code   RO         3045    i.HAL_Init          stm32f4xx_hal.o
    0x08009f40   0x00000044   Code   RO         3046    i.HAL_InitTick      stm32f4xx_hal.o
    0x08009f84   0x00000054   Code   RO         1462    i.HAL_MspInit       stm32f4xx_hal_msp.o
    0x08009fd8   0x0000001c   Code   RO         2900    i.HAL_NVIC_EnableIRQ  stm32f4xx_hal_cortex.o
    0x08009ff4   0x00000068   Code   RO         2906    i.HAL_NVIC_SetPriority  stm32f4xx_hal_cortex.o
    0x0800a05c   0x00000024   Code   RO         2907    i.HAL_NVIC_SetPriorityGrouping  stm32f4xx_hal_cortex.o
    0x0800a080   0x00000002   Code   RO         1764    i.HAL_PCDEx_LPM_Callback  stm32f4xx_hal_pcd_ex.o
    0x0800a082   0x00000008   Code   RO         1765    i.HAL_PCDEx_SetRxFiFo  stm32f4xx_hal_pcd_ex.o
    0x0800a08a   0x0000004a   Code   RO         1766    i.HAL_PCDEx_SetTxFiFo  stm32f4xx_hal_pcd_ex.o
    0x0800a0d4   0x0000000e   Code   RO          983    i.HAL_PCD_ConnectCallback  usbd_conf.o
    0x0800a0e2   0x00000020   Code   RO          984    i.HAL_PCD_DataInStageCallback  usbd_conf.o
    0x0800a102   0x00000020   Code   RO          985    i.HAL_PCD_DataOutStageCallback  usbd_conf.o
    0x0800a122   0x0000000e   Code   RO          986    i.HAL_PCD_DisconnectCallback  usbd_conf.o
    0x0800a130   0x0000004a   Code   RO         1547    i.HAL_PCD_EP_Close  stm32f4xx_hal_pcd.o
    0x0800a17a   0x0000005c   Code   RO         1548    i.HAL_PCD_EP_ClrStall  stm32f4xx_hal_pcd.o
    0x0800a1d6   0x00000012   Code   RO         1550    i.HAL_PCD_EP_GetRxCount  stm32f4xx_hal_pcd.o
    0x0800a1e8   0x0000005c   Code   RO         1551    i.HAL_PCD_EP_Open   stm32f4xx_hal_pcd.o
    0x0800a244   0x00000046   Code   RO         1552    i.HAL_PCD_EP_Receive  stm32f4xx_hal_pcd.o
    0x0800a28a   0x00000074   Code   RO         1553    i.HAL_PCD_EP_SetStall  stm32f4xx_hal_pcd.o
    0x0800a2fe   0x00000046   Code   RO         1554    i.HAL_PCD_EP_Transmit  stm32f4xx_hal_pcd.o
    0x0800a344   0x0000042e   Code   RO         1556    i.HAL_PCD_IRQHandler  stm32f4xx_hal_pcd.o
    0x0800a772   0x00000012   Code   RO          987    i.HAL_PCD_ISOINIncompleteCallback  usbd_conf.o
    0x0800a784   0x00000012   Code   RO          988    i.HAL_PCD_ISOOUTIncompleteCallback  usbd_conf.o
    0x0800a796   0x00000140   Code   RO         1559    i.HAL_PCD_Init      stm32f4xx_hal_pcd.o
    0x0800a8d6   0x00000002   PAD
    0x0800a8d8   0x000000a8   Code   RO          990    i.HAL_PCD_MspInit   usbd_conf.o
    0x0800a980   0x00000030   Code   RO          991    i.HAL_PCD_ResetCallback  usbd_conf.o
    0x0800a9b0   0x0000000e   Code   RO          992    i.HAL_PCD_ResumeCallback  usbd_conf.o
    0x0800a9be   0x0000000e   Code   RO          993    i.HAL_PCD_SOFCallback  usbd_conf.o
    0x0800a9cc   0x00000028   Code   RO         1565    i.HAL_PCD_SetAddress  stm32f4xx_hal_pcd.o
    0x0800a9f4   0x00000012   Code   RO          994    i.HAL_PCD_SetupStageCallback  usbd_conf.o
    0x0800aa06   0x00000042   Code   RO         1567    i.HAL_PCD_Start     stm32f4xx_hal_pcd.o
    0x0800aa48   0x00000034   Code   RO          995    i.HAL_PCD_SuspendCallback  usbd_conf.o
    0x0800aa7c   0x0000017c   Code   RO         2217    i.HAL_RCCEx_PeriphCLKConfig  stm32f4xx_hal_rcc_ex.o
    0x0800abf8   0x00000174   Code   RO         2112    i.HAL_RCC_ClockConfig  stm32f4xx_hal_rcc.o
    0x0800ad6c   0x0000000c   Code   RO         2117    i.HAL_RCC_GetHCLKFreq  stm32f4xx_hal_rcc.o
    0x0800ad78   0x00000020   Code   RO         2119    i.HAL_RCC_GetPCLK1Freq  stm32f4xx_hal_rcc.o
    0x0800ad98   0x00000020   Code   RO         2120    i.HAL_RCC_GetPCLK2Freq  stm32f4xx_hal_rcc.o
    0x0800adb8   0x00000070   Code   RO         2121    i.HAL_RCC_GetSysClockFreq  stm32f4xx_hal_rcc.o
    0x0800ae28   0x00000436   Code   RO         2124    i.HAL_RCC_OscConfig  stm32f4xx_hal_rcc.o
    0x0800b25e   0x00000034   Code   RO         4338    i.HAL_RNG_Init      stm32f4xx_hal_rng.o
    0x0800b292   0x00000002   PAD
    0x0800b294   0x00000034   Code   RO          672    i.HAL_RNG_MspInit   rng.o
    0x0800b2c8   0x000000ba   Code   RO         4439    i.HAL_RTC_Init      stm32f4xx_hal_rtc.o
    0x0800b382   0x00000002   PAD
    0x0800b384   0x00000018   Code   RO          714    i.HAL_RTC_MspInit   rtc.o
    0x0800b39c   0x0000003c   Code   RO         4447    i.HAL_RTC_WaitForSynchro  stm32f4xx_hal_rtc.o
    0x0800b3d8   0x00000082   Code   RO         4808    i.HAL_SPI_Init      stm32f4xx_hal_spi.o
    0x0800b45a   0x00000002   PAD
    0x0800b45c   0x000001cc   Code   RO          756    i.HAL_SPI_MspInit   spi.o
    0x0800b628   0x000001f8   Code   RO         4817    i.HAL_SPI_TransmitReceive  stm32f4xx_hal_spi.o
    0x0800b820   0x00000028   Code   RO         2911    i.HAL_SYSTICK_Config  stm32f4xx_hal_cortex.o
    0x0800b848   0x00000066   Code   RO         5810    i.HAL_TIMEx_ConfigBreakDeadTime  stm32f4xx_hal_tim_ex.o
    0x0800b8ae   0x0000004e   Code   RO         5825    i.HAL_TIMEx_MasterConfigSynchronization  stm32f4xx_hal_tim_ex.o
    0x0800b8fc   0x00000038   Code   RO         5121    i.HAL_TIM_Base_Init  stm32f4xx_hal_tim.o
    0x0800b934   0x0000011c   Code   RO          804    i.HAL_TIM_Base_MspInit  tim.o
    0x0800ba50   0x00000024   Code   RO         5124    i.HAL_TIM_Base_Start  stm32f4xx_hal_tim.o
    0x0800ba74   0x000000e4   Code   RO         5130    i.HAL_TIM_ConfigClockSource  stm32f4xx_hal_tim.o
    0x0800bb58   0x000002c0   Code   RO          805    i.HAL_TIM_MspPostInit  tim.o
    0x0800be18   0x000000dc   Code   RO         5188    i.HAL_TIM_PWM_ConfigChannel  stm32f4xx_hal_tim.o
    0x0800bef4   0x00000038   Code   RO         5191    i.HAL_TIM_PWM_Init  stm32f4xx_hal_tim.o
    0x0800bf2c   0x00000002   Code   RO         5193    i.HAL_TIM_PWM_MspInit  stm32f4xx_hal_tim.o
    0x0800bf2e   0x00000042   Code   RO         5196    i.HAL_TIM_PWM_Start  stm32f4xx_hal_tim.o
    0x0800bf70   0x00000002   Code   RO         6079    i.HAL_UART_ErrorCallback  stm32f4xx_hal_uart.o
    0x0800bf72   0x00000002   PAD
    0x0800bf74   0x00000138   Code   RO         6082    i.HAL_UART_IRQHandler  stm32f4xx_hal_uart.o
    0x0800c0ac   0x00000064   Code   RO         6083    i.HAL_UART_Init     stm32f4xx_hal_uart.o
    0x0800c110   0x0000034c   Code   RO          882    i.HAL_UART_MspInit  usart.o
    0x0800c45c   0x00000056   Code   RO         6088    i.HAL_UART_Receive_IT  stm32f4xx_hal_uart.o
    0x0800c4b2   0x0000000c   Code   RO        10887    i.HAL_UART_RxCpltCallback  clamp_control.o
    0x0800c4be   0x000000dc   Code   RO         6091    i.HAL_UART_Transmit  stm32f4xx_hal_uart.o
    0x0800c59a   0x00000002   Code   RO         6094    i.HAL_UART_TxCpltCallback  stm32f4xx_hal_uart.o
    0x0800c59c   0x00000104   Code   RO        10241    i.H_K_R_Adjustment  kalman_filter.o
    0x0800c6a0   0x00000004   Code   RO         1344    i.HardFault_Handler  stm32f4xx_it.o
    0x0800c6a4   0x00000278   Code   RO        12712    i.Ht8aSbusToRc      remote_control.o
    0x0800c91c   0x00000020   Code   RO         8749    i.I2C2_DMA_transmit  bsp_i2c.o
    0x0800c93c   0x000000c0   Code   RO         8750    i.I2C2_tx_DMA_enable  bsp_i2c.o
    0x0800c9fc   0x000000c0   Code   RO         8751    i.I2C2_tx_DMA_init  bsp_i2c.o
    0x0800cabc   0x00000032   Code   RO         3903    i.I2C_IsAcknowledgeFailed  stm32f4xx_hal_i2c.o
    0x0800caee   0x00000002   PAD
    0x0800caf0   0x000000a4   Code   RO         3907    i.I2C_MasterRequestWrite  stm32f4xx_hal_i2c.o
    0x0800cb94   0x00000134   Code   RO         3913    i.I2C_RequestMemoryRead  stm32f4xx_hal_i2c.o
    0x0800ccc8   0x000000c0   Code   RO         3914    i.I2C_RequestMemoryWrite  stm32f4xx_hal_i2c.o
    0x0800cd88   0x000000fc   Code   RO         8752    i.I2C_TX_DMA_START  bsp_i2c.o
    0x0800ce84   0x0000005c   Code   RO         3922    i.I2C_WaitOnBTFFlagUntilTimeout  stm32f4xx_hal_i2c.o
    0x0800cee0   0x000000b4   Code   RO         3923    i.I2C_WaitOnFlagUntilTimeout  stm32f4xx_hal_i2c.o
    0x0800cf94   0x000000ce   Code   RO         3924    i.I2C_WaitOnMasterAddressFlagUntilTimeout  stm32f4xx_hal_i2c.o
    0x0800d062   0x0000007c   Code   RO         3925    i.I2C_WaitOnRXNEFlagUntilTimeout  stm32f4xx_hal_i2c.o
    0x0800d0de   0x0000005c   Code   RO         3927    i.I2C_WaitOnTXEFlagUntilTimeout  stm32f4xx_hal_i2c.o
    0x0800d13a   0x00000002   PAD
    0x0800d13c   0x00000120   Code   RO        12068    i.IMU_QuaternionEKF_Init  imu_solve.o
    0x0800d25c   0x00000034   Code   RO        12069    i.IMU_QuaternionEKF_Observe  imu_solve.o
    0x0800d290   0x00000128   Code   RO        12070    i.IMU_QuaternionEKF_SetH  imu_solve.o
    0x0800d3b8   0x000003a8   Code   RO        12071    i.IMU_QuaternionEKF_Update  imu_solve.o
    0x0800d760   0x000001cc   Code   RO        12072    i.IMU_QuaternionEKF_User_Func1  imu_solve.o
    0x0800d92c   0x00000334   Code   RO        12073    i.IMU_QuaternionEKF_xhatUpdate  imu_solve.o
    0x0800dc60   0x00000254   Code   RO        11889    i.IMU_task          imu_task.o
    0x0800deb4   0x0000003e   Code   RO         1179    i.IntToUnicode      usbd_desc.o
    0x0800def2   0x00000002   PAD
    0x0800def4   0x00000024   Code   RO        11034    i.IsUsbLinkReady    chassis_balance.o
    0x0800df18   0x0000070c   Code   RO        10242    i.Kalman_Filter_Init  kalman_filter.o
    0x0800e624   0x000003fc   Code   RO        10243    i.Kalman_Filter_Update  kalman_filter.o
    0x0800ea20   0x0000002c   Code   RO        11037    i.LegFeedForward    chassis_balance.o
    0x0800ea4c   0x0000002c   Code   RO        11038    i.LegFeedForward_Tripod  chassis_balance.o
    0x0800ea78   0x0000019c   Code   RO        11040    i.LegTorqueController  chassis_balance.o
    0x0800ec14   0x0000001a   Code   RO        10333    i.ListCreate        clist.o
    0x0800ec2e   0x0000000c   Code   RO        10338    i.ListGetHead       clist.o
    0x0800ec3a   0x0000000c   Code   RO        10340    i.ListGetNodeNext   clist.o
    0x0800ec46   0x0000003e   Code   RO        10344    i.ListPushBack      clist.o
    0x0800ec84   0x0000003c   Code   RO        12976    i.LkFdbData         can_receive.o
    0x0800ecc0   0x000000dc   Code   RO        13178    i.LkMultipleTorqueControl_MF9025_MG5010  can_cmd_lingkong.o
    0x0800ed9c   0x000000e0   Code   RO        13179    i.LkMultipleTorqueControl_MG6012  can_cmd_lingkong.o
    0x0800ee7c   0x0000008c   Code   RO        13180    i.LkSinglePostionControl  can_cmd_lingkong.o
    0x0800ef08   0x00000404   Code   RO        11043    i.LocomotionController_ProX_Tripod  chassis_balance.o
    0x0800f30c   0x00000250   Code   RO        11044    i.LocomotionController_Pro_Bipedal  chassis_balance.o
    0x0800f55c   0x00000290   Code   RO        11045    i.LocomotionController_Pro_NoTail  chassis_balance.o
    0x0800f7ec   0x0000002a   Code   RO         9757    i.LowPassFilterCalc  user_lib.o
    0x0800f816   0x00000002   PAD
    0x0800f818   0x00000014   Code   RO         9758    i.LowPassFilterInit  user_lib.o
    0x0800f82c   0x00000070   Code   RO          456    i.MX_ADC1_Init      adc.o
    0x0800f89c   0x00000070   Code   RO          457    i.MX_ADC3_Init      adc.o
    0x0800f90c   0x00000044   Code   RO          504    i.MX_CAN1_Init      can.o
    0x0800f950   0x00000044   Code   RO          505    i.MX_CAN2_Init      can.o
    0x0800f994   0x00000020   Code   RO          553    i.MX_CRC_Init       crc.o
    0x0800f9b4   0x000000c8   Code   RO          593    i.MX_DMA_Init       dma.o
    0x0800fa7c   0x00000098   Code   RO          368    i.MX_FREERTOS_Init  freertos.o
    0x0800fb14   0x00000254   Code   RO          344    i.MX_GPIO_Init      gpio.o
    0x0800fd68   0x0000003c   Code   RO          619    i.MX_I2C1_Init      i2c.o
    0x0800fda4   0x0000003c   Code   RO          620    i.MX_I2C2_Init      i2c.o
    0x0800fde0   0x0000003c   Code   RO          621    i.MX_I2C3_Init      i2c.o
    0x0800fe1c   0x00000020   Code   RO          673    i.MX_RNG_Init       rng.o
    0x0800fe3c   0x00000034   Code   RO          715    i.MX_RTC_Init       rtc.o
    0x0800fe70   0x00000048   Code   RO          757    i.MX_SPI1_Init      spi.o
    0x0800feb8   0x00000048   Code   RO          758    i.MX_SPI2_Init      spi.o
    0x0800ff00   0x0000006c   Code   RO          806    i.MX_TIM10_Init     tim.o
    0x0800ff6c   0x0000010c   Code   RO          807    i.MX_TIM1_Init      tim.o
    0x08010078   0x000000a4   Code   RO          808    i.MX_TIM3_Init      tim.o
    0x0801011c   0x000000a4   Code   RO          809    i.MX_TIM4_Init      tim.o
    0x080101c0   0x000000c4   Code   RO          810    i.MX_TIM5_Init      tim.o
    0x08010284   0x000000ec   Code   RO          811    i.MX_TIM8_Init      tim.o
    0x08010370   0x00000038   Code   RO          883    i.MX_USART1_UART_Init  usart.o
    0x080103a8   0x0000003c   Code   RO          884    i.MX_USART3_UART_Init  usart.o
    0x080103e4   0x00000038   Code   RO          885    i.MX_USART6_UART_Init  usart.o
    0x0801041c   0x0000004c   Code   RO          935    i.MX_USB_DEVICE_Init  usb_device.o
    0x08010468   0x00000004   Code   RO         1345    i.MemManage_Handler  stm32f4xx_it.o
    0x0801046c   0x00000044   Code   RO        13145    i.MotorInit         motor.o
    0x080104b0   0x00000054   Code   RO        13184    i.MultipleTorqueControl  can_cmd_lingkong.o
    0x08010504   0x00000002   Code   RO         1346    i.NMI_Handler       stm32f4xx_it.o
    0x08010506   0x00000002   PAD
    0x08010508   0x0000002c   Code   RO         9104    i.OLED_LOGO         oled.o
    0x08010534   0x00000010   Code   RO         9105    i.OLED_check_ack    oled.o
    0x08010544   0x00000088   Code   RO         9110    i.OLED_draw_point   oled.o
    0x080105cc   0x00000108   Code   RO         9111    i.OLED_init         oled.o
    0x080106d4   0x00000054   Code   RO         9112    i.OLED_operate_gram  oled.o
    0x08010728   0x00000040   Code   RO         9113    i.OLED_printf       oled.o
    0x08010768   0x00000020   Code   RO         9114    i.OLED_refresh_gram  oled.o
    0x08010788   0x00000040   Code   RO         9115    i.OLED_set_pos      oled.o
    0x080107c8   0x0000008c   Code   RO         9116    i.OLED_show_char    oled.o
    0x08010854   0x0000008a   Code   RO         9117    i.OLED_show_graphic  oled.o
    0x080108de   0x00000032   Code   RO         9118    i.OLED_show_string  oled.o
    0x08010910   0x00000010   Code   RO         1347    i.OTG_FS_IRQHandler  stm32f4xx_it.o
    0x08010920   0x00000068   Code   RO         1570    i.PCD_EP_OutSetupPacket_int  stm32f4xx_hal_pcd.o
    0x08010988   0x000000f0   Code   RO         1571    i.PCD_EP_OutXfrComplete_int  stm32f4xx_hal_pcd.o
    0x08010a78   0x000000a2   Code   RO         1572    i.PCD_WriteEmptyTxFifo  stm32f4xx_hal_pcd.o
    0x08010b1a   0x0000000a   Code   RO        10425    i.PID_PositionSetEkSumRange  pid.o
    0x08010b24   0x00000268   Code   RO        10426    i.PID_calc          pid.o
    0x08010d8c   0x00000274   Code   RO        10427    i.PID_calc_Leg      pid.o
    0x08011000   0x0000004c   Code   RO        10428    i.PID_clear         pid.o
    0x0801104c   0x00000068   Code   RO        10429    i.PID_init          pid.o
    0x080110b4   0x00000078   Code   RO        10629    i.Publish           data_exchange.o
    0x0801112c   0x0000009c   Code   RO         8881    i.RC_Init           bsp_rc.o
    0x080111c8   0x00000042   Code   RO         4450    i.RTC_EnterInitMode  stm32f4xx_hal_rtc.o
    0x0801120a   0x00000002   PAD
    0x0801120c   0x00000120   Code   RO        11050    i.ResetXStateOnModeSwitch  chassis_balance.o
    0x0801132c   0x0000273c   Code   RO         8956    i.SPI1_DMA_enable   bsp_spi.o
    0x08013a68   0x00000180   Code   RO         8957    i.SPI1_DMA_init     bsp_spi.o
    0x08013be8   0x00000064   Code   RO         4846    i.SPI_EndRxTxTransaction  stm32f4xx_hal_spi.o
    0x08013c4c   0x000000a6   Code   RO         4851    i.SPI_WaitFlagStateUntilTimeout  stm32f4xx_hal_spi.o
    0x08013cf2   0x00000002   PAD
    0x08013cf4   0x00000090   Code   RO        11052    i.SendJointMotorCmd  chassis_balance.o
    0x08013d84   0x000000e4   Code   RO        11053    i.SendWheelMotorCmd  chassis_balance.o
    0x08013e68   0x00000054   Code   RO        13185    i.SinglePostionControl  can_cmd_lingkong.o
    0x08013ebc   0x000001a4   Code   RO        11056    i.SolveThetaBetaBodyCenter  chassis_balance.o
    0x08014060   0x00000044   Code   RO        10630    i.Subscribe         data_exchange.o
    0x080140a4   0x0000000c   Code   RO         1348    i.SysTick_Handler   stm32f4xx_it.o
    0x080140b0   0x000000d4   Code   RO           14    i.SystemClock_Config  main.o
    0x08014184   0x00000064   Code   RO         6390    i.SystemInit        system_stm32f4xx.o
    0x080141e8   0x000000cc   Code   RO         5209    i.TIM_Base_SetConfig  stm32f4xx_hal_tim.o
    0x080142b4   0x0000001e   Code   RO         5210    i.TIM_CCxChannelCmd  stm32f4xx_hal_tim.o
    0x080142d2   0x00000016   Code   RO         5220    i.TIM_ETR_SetConfig  stm32f4xx_hal_tim.o
    0x080142e8   0x00000010   Code   RO         5221    i.TIM_ITRx_SetConfig  stm32f4xx_hal_tim.o
    0x080142f8   0x00000070   Code   RO         5222    i.TIM_OC1_SetConfig  stm32f4xx_hal_tim.o
    0x08014368   0x00000078   Code   RO         5223    i.TIM_OC2_SetConfig  stm32f4xx_hal_tim.o
    0x080143e0   0x00000078   Code   RO         5224    i.TIM_OC3_SetConfig  stm32f4xx_hal_tim.o
    0x08014458   0x00000058   Code   RO         5225    i.TIM_OC4_SetConfig  stm32f4xx_hal_tim.o
    0x080144b0   0x00000026   Code   RO         5227    i.TIM_TI1_ConfigInputStage  stm32f4xx_hal_tim.o
    0x080144d6   0x00000024   Code   RO         5229    i.TIM_TI2_ConfigInputStage  stm32f4xx_hal_tim.o
    0x080144fa   0x00000002   PAD
    0x080144fc   0x000000a4   Code   RO        13189    i.Torque2iqControl_MG5010  can_cmd_lingkong.o
    0x080145a0   0x000000a4   Code   RO        13190    i.Torque2iqControl_MG6012  can_cmd_lingkong.o
    0x08014644   0x00000010   Code   RO         6096    i.UART_DMAAbortOnError  stm32f4xx_hal_uart.o
    0x08014654   0x0000001c   Code   RO         6106    i.UART_EndRxTransfer  stm32f4xx_hal_uart.o
    0x08014670   0x0000001a   Code   RO         6107    i.UART_EndTransmit_IT  stm32f4xx_hal_uart.o
    0x0801468a   0x0000009c   Code   RO         6109    i.UART_Receive_IT   stm32f4xx_hal_uart.o
    0x08014726   0x00000002   PAD
    0x08014728   0x00000340   Code   RO         6110    i.UART_SetConfig    stm32f4xx_hal_uart.o
    0x08014a68   0x00000066   Code   RO         6111    i.UART_Transmit_IT  stm32f4xx_hal_uart.o
    0x08014ace   0x00000078   Code   RO         6112    i.UART_WaitOnFlagUntilTimeout  stm32f4xx_hal_uart.o
    0x08014b46   0x00000002   PAD
    0x08014b48   0x00000078   Code   RO        10888    i.USART1_IRQHandler  clamp_control.o
    0x08014bc0   0x0000020c   Code   RO        12715    i.USART3_IRQHandler  remote_control.o
    0x08014dcc   0x0000004c   Code   RO         8214    i.USBD_CDC_DataIn   usbd_cdc.o
    0x08014e18   0x00000030   Code   RO         8215    i.USBD_CDC_DataOut  usbd_cdc.o
    0x08014e48   0x00000046   Code   RO         8216    i.USBD_CDC_DeInit   usbd_cdc.o
    0x08014e8e   0x0000002a   Code   RO         8217    i.USBD_CDC_EP0_RxReady  usbd_cdc.o
    0x08014eb8   0x0000000c   Code   RO         8218    i.USBD_CDC_GetDeviceQualifierDescriptor  usbd_cdc.o
    0x08014ec4   0x0000000c   Code   RO         8219    i.USBD_CDC_GetFSCfgDesc  usbd_cdc.o
    0x08014ed0   0x0000000c   Code   RO         8220    i.USBD_CDC_GetHSCfgDesc  usbd_cdc.o
    0x08014edc   0x0000000c   Code   RO         8221    i.USBD_CDC_GetOtherSpeedCfgDesc  usbd_cdc.o
    0x08014ee8   0x000000ac   Code   RO         8222    i.USBD_CDC_Init     usbd_cdc.o
    0x08014f94   0x00000032   Code   RO         8223    i.USBD_CDC_ReceivePacket  usbd_cdc.o
    0x08014fc6   0x00000010   Code   RO         8224    i.USBD_CDC_RegisterInterface  usbd_cdc.o
    0x08014fd6   0x0000000c   Code   RO         8225    i.USBD_CDC_SetRxBuffer  usbd_cdc.o
    0x08014fe2   0x00000010   Code   RO         8226    i.USBD_CDC_SetTxBuffer  usbd_cdc.o
    0x08014ff2   0x000000e6   Code   RO         8227    i.USBD_CDC_Setup    usbd_cdc.o
    0x080150d8   0x00000038   Code   RO         8228    i.USBD_CDC_TransmitPacket  usbd_cdc.o
    0x08015110   0x0000000e   Code   RO         7921    i.USBD_ClrClassConfig  usbd_core.o
    0x0801511e   0x00000026   Code   RO         8059    i.USBD_ClrFeature   usbd_ctlreq.o
    0x08015144   0x00000010   Code   RO         8154    i.USBD_CtlContinueRx  usbd_ioreq.o
    0x08015154   0x00000010   Code   RO         8155    i.USBD_CtlContinueSendData  usbd_ioreq.o
    0x08015164   0x00000018   Code   RO         8060    i.USBD_CtlError     usbd_ctlreq.o
    0x0801517c   0x0000001e   Code   RO         8156    i.USBD_CtlPrepareRx  usbd_ioreq.o
    0x0801519a   0x00000016   Code   RO         8157    i.USBD_CtlReceiveStatus  usbd_ioreq.o
    0x080151b0   0x0000001a   Code   RO         8158    i.USBD_CtlSendData  usbd_ioreq.o
    0x080151ca   0x00000016   Code   RO         8159    i.USBD_CtlSendStatus  usbd_ioreq.o
    0x080151e0   0x00000034   Code   RO         1180    i.USBD_FS_ConfigStrDescriptor  usbd_desc.o
    0x08015214   0x00000010   Code   RO         1181    i.USBD_FS_DeviceDescriptor  usbd_desc.o
    0x08015224   0x00000038   Code   RO         1182    i.USBD_FS_InterfaceStrDescriptor  usbd_desc.o
    0x0801525c   0x00000010   Code   RO         1183    i.USBD_FS_LangIDStrDescriptor  usbd_desc.o
    0x0801526c   0x0000002c   Code   RO         1184    i.USBD_FS_ManufacturerStrDescriptor  usbd_desc.o
    0x08015298   0x00000040   Code   RO         1185    i.USBD_FS_ProductStrDescriptor  usbd_desc.o
    0x080152d8   0x00000018   Code   RO         1186    i.USBD_FS_SerialStrDescriptor  usbd_desc.o
    0x080152f0   0x00000034   Code   RO         8061    i.USBD_GetConfig    usbd_ctlreq.o
    0x08015324   0x00000136   Code   RO         8062    i.USBD_GetDescriptor  usbd_ctlreq.o
    0x0801545a   0x00000018   Code   RO         8063    i.USBD_GetLen       usbd_ctlreq.o
    0x08015472   0x00000036   Code   RO         8064    i.USBD_GetStatus    usbd_ctlreq.o
    0x080154a8   0x00000044   Code   RO         8065    i.USBD_GetString    usbd_ctlreq.o
    0x080154ec   0x0000002c   Code   RO          996    i.USBD_Get_USB_Status  usbd_conf.o
    0x08015518   0x0000002c   Code   RO         7923    i.USBD_Init         usbd_core.o
    0x08015544   0x00000026   Code   RO          997    i.USBD_LL_ClearStallEP  usbd_conf.o
    0x0801556a   0x00000026   Code   RO          998    i.USBD_LL_CloseEP   usbd_conf.o
    0x08015590   0x000000d6   Code   RO         7924    i.USBD_LL_DataInStage  usbd_core.o
    0x08015666   0x0000008a   Code   RO         7925    i.USBD_LL_DataOutStage  usbd_core.o
    0x080156f0   0x00000004   Code   RO         7926    i.USBD_LL_DevConnected  usbd_core.o
    0x080156f4   0x00000016   Code   RO         7927    i.USBD_LL_DevDisconnected  usbd_core.o
    0x0801570a   0x00000012   Code   RO         1002    i.USBD_LL_GetRxDataSize  usbd_conf.o
    0x0801571c   0x00000068   Code   RO         1003    i.USBD_LL_Init      usbd_conf.o
    0x08015784   0x00000038   Code   RO         1004    i.USBD_LL_IsStallEP  usbd_conf.o
    0x080157bc   0x00000004   Code   RO         7928    i.USBD_LL_IsoINIncomplete  usbd_core.o
    0x080157c0   0x00000004   Code   RO         7929    i.USBD_LL_IsoOUTIncomplete  usbd_core.o
    0x080157c4   0x00000030   Code   RO         1005    i.USBD_LL_OpenEP    usbd_conf.o
    0x080157f4   0x00000030   Code   RO         1006    i.USBD_LL_PrepareReceive  usbd_conf.o
    0x08015824   0x00000052   Code   RO         7930    i.USBD_LL_Reset     usbd_core.o
    0x08015876   0x0000000c   Code   RO         7931    i.USBD_LL_Resume    usbd_core.o
    0x08015882   0x00000018   Code   RO         7932    i.USBD_LL_SOF       usbd_core.o
    0x0801589a   0x00000006   Code   RO         7933    i.USBD_LL_SetSpeed  usbd_core.o
    0x080158a0   0x00000026   Code   RO         1007    i.USBD_LL_SetUSBAddress  usbd_conf.o
    0x080158c6   0x0000005e   Code   RO         7934    i.USBD_LL_SetupStage  usbd_core.o
    0x08015924   0x00000026   Code   RO         1008    i.USBD_LL_StallEP   usbd_conf.o
    0x0801594a   0x0000001e   Code   RO         1009    i.USBD_LL_Start     usbd_conf.o
    0x08015968   0x00000012   Code   RO         7935    i.USBD_LL_Suspend   usbd_core.o
    0x0801597a   0x00000030   Code   RO         1011    i.USBD_LL_Transmit  usbd_conf.o
    0x080159aa   0x00000028   Code   RO         8066    i.USBD_ParseSetupRequest  usbd_ctlreq.o
    0x080159d2   0x00000012   Code   RO         7936    i.USBD_RegisterClass  usbd_core.o
    0x080159e4   0x00000004   Code   RO         7937    i.USBD_RunTestMode  usbd_core.o
    0x080159e8   0x00000058   Code   RO         8067    i.USBD_SetAddress   usbd_ctlreq.o
    0x08015a40   0x00000018   Code   RO         7938    i.USBD_SetClassConfig  usbd_core.o
    0x08015a58   0x000000cc   Code   RO         8068    i.USBD_SetConfig    usbd_ctlreq.o
    0x08015b24   0x00000010   Code   RO         8069    i.USBD_SetFeature   usbd_ctlreq.o
    0x08015b34   0x0000000a   Code   RO         7939    i.USBD_Start        usbd_core.o
    0x08015b3e   0x00000080   Code   RO         8070    i.USBD_StdDevReq    usbd_ctlreq.o
    0x08015bbe   0x000001f0   Code   RO         8071    i.USBD_StdEPReq     usbd_ctlreq.o
    0x08015dae   0x0000006a   Code   RO         8072    i.USBD_StdItfReq    usbd_ctlreq.o
    0x08015e18   0x0000009c   Code   RO         1806    i.USB_ActivateEndpoint  stm32f4xx_ll_usb.o
    0x08015eb4   0x00000034   Code   RO         1808    i.USB_ActivateSetup  stm32f4xx_ll_usb.o
    0x08015ee8   0x0000007e   Code   RO         1810    i.USB_CoreInit      stm32f4xx_ll_usb.o
    0x08015f66   0x00000002   PAD
    0x08015f68   0x0000003c   Code   RO         1811    i.USB_CoreReset     stm32f4xx_ll_usb.o
    0x08015fa4   0x00000090   Code   RO         1814    i.USB_DeactivateEndpoint  stm32f4xx_ll_usb.o
    0x08016034   0x00000018   Code   RO         1815    i.USB_DevConnect    stm32f4xx_ll_usb.o
    0x0801604c   0x00000018   Code   RO         1816    i.USB_DevDisconnect  stm32f4xx_ll_usb.o
    0x08016064   0x0000018c   Code   RO         1817    i.USB_DevInit       stm32f4xx_ll_usb.o
    0x080161f0   0x0000000c   Code   RO         1818    i.USB_DisableGlobalInt  stm32f4xx_ll_usb.o
    0x080161fc   0x0000012a   Code   RO         1821    i.USB_EP0StartXfer  stm32f4xx_ll_usb.o
    0x08016326   0x00000002   PAD
    0x08016328   0x00000060   Code   RO         1822    i.USB_EP0_OutStart  stm32f4xx_ll_usb.o
    0x08016388   0x00000058   Code   RO         1823    i.USB_EPClearStall  stm32f4xx_ll_usb.o
    0x080163e0   0x0000005e   Code   RO         1824    i.USB_EPSetStall    stm32f4xx_ll_usb.o
    0x0801643e   0x00000228   Code   RO         1825    i.USB_EPStartXfer   stm32f4xx_ll_usb.o
    0x08016666   0x0000000c   Code   RO         1826    i.USB_EnableGlobalInt  stm32f4xx_ll_usb.o
    0x08016672   0x00000002   PAD
    0x08016674   0x00000024   Code   RO         1827    i.USB_FlushRxFifo   stm32f4xx_ll_usb.o
    0x08016698   0x00000028   Code   RO         1828    i.USB_FlushTxFifo   stm32f4xx_ll_usb.o
    0x080166c0   0x00000020   Code   RO         1830    i.USB_GetDevSpeed   stm32f4xx_ll_usb.o
    0x080166e0   0x00000008   Code   RO         1832    i.USB_GetMode       stm32f4xx_ll_usb.o
    0x080166e8   0x0000000e   Code   RO         1839    i.USB_ReadDevAllInEpInterrupt  stm32f4xx_ll_usb.o
    0x080166f6   0x0000000e   Code   RO         1840    i.USB_ReadDevAllOutEpInterrupt  stm32f4xx_ll_usb.o
    0x08016704   0x00000024   Code   RO         1841    i.USB_ReadDevInEPInterrupt  stm32f4xx_ll_usb.o
    0x08016728   0x00000010   Code   RO         1842    i.USB_ReadDevOutEPInterrupt  stm32f4xx_ll_usb.o
    0x08016738   0x00000008   Code   RO         1843    i.USB_ReadInterrupts  stm32f4xx_ll_usb.o
    0x08016740   0x00000024   Code   RO         1844    i.USB_ReadPacket    stm32f4xx_ll_usb.o
    0x08016764   0x00000050   Code   RO         1273    i.USB_Receive       usbd_cdc_if.o
    0x080167b4   0x00000030   Code   RO         1846    i.USB_SetCurrentMode  stm32f4xx_ll_usb.o
    0x080167e4   0x00000022   Code   RO         1847    i.USB_SetDevAddress  stm32f4xx_ll_usb.o
    0x08016806   0x0000000e   Code   RO         1848    i.USB_SetDevSpeed   stm32f4xx_ll_usb.o
    0x08016814   0x000000f4   Code   RO         1849    i.USB_SetTurnaroundTime  stm32f4xx_ll_usb.o
    0x08016908   0x0000002a   Code   RO         1274    i.USB_Transmit      usbd_cdc_if.o
    0x08016932   0x00000030   Code   RO         1852    i.USB_WritePacket   stm32f4xx_ll_usb.o
    0x08016962   0x0000004c   Code   RO         9043    i.UartSendTxMessage  bsp_uart.o
    0x080169ae   0x00000002   PAD
    0x080169b0   0x0000022c   Code   RO        11060    i.UpdateBodyStatus  chassis_balance.o
    0x08016bdc   0x00000080   Code   RO        11890    i.UpdateImuData     imu_task.o
    0x08016c5c   0x00000730   Code   RO        11061    i.UpdateLegStatus   chassis_balance.o
    0x0801738c   0x00000048   Code   RO        11062    i.UpdateMotorStatus  chassis_balance.o
    0x080173d4   0x00000100   Code   RO        11063    i.UpdateStepStatus  chassis_balance.o
    0x080174d4   0x00000004   Code   RO         1349    i.UsageFault_Handler  stm32f4xx_it.o
    0x080174d8   0x000000e8   Code   RO        11753    i.UsbInit           usb_task.o
    0x080175c0   0x00000138   Code   RO        11754    i.UsbReceiveData    usb_task.o
    0x080176f8   0x00000080   Code   RO        11755    i.UsbSendData       usb_task.o
    0x08017778   0x00000060   Code   RO        11756    i.UsbSendImuData    usb_task.o
    0x080177d8   0x00000048   Code   RO        11757    i.UsbSendRobotMotionData  usb_task.o
    0x08017820   0x0000037c   Code   RO        11758    i.UsbSendRobotStateInfoData  usb_task.o
    0x08017b9c   0x0000009c   Code   RO        11759    i.UsbSendSolvedRcCmdData  usb_task.o
    0x08017c38   0x00000048   Code   RO        11064    i.WrapToPi          chassis_balance.o
    0x08017c80   0x00000030   Code   RO        14318    i.__ARM_fpclassify  m_wm.l(fpclassify.o)
    0x08017cb0   0x00000026   Code   RO        14218    i.__ARM_fpclassifyf  m_wm.l(fpclassifyf.o)
    0x08017cd6   0x00000002   PAD
    0x08017cd8   0x00000024   Code   RO        11065    i.__ARM_isnan       chassis_balance.o
    0x08017cfc   0x00000118   Code   RO        13848    i.__hardfp_acosf    m_wm.l(acosf.o)
    0x08017e14   0x0000012c   Code   RO        13860    i.__hardfp_asinf    m_wm.l(asinf.o)
    0x08017f40   0x00000250   Code   RO        13872    i.__hardfp_atan2f   m_wm.l(atan2f.o)
    0x08018190   0x00000150   Code   RO        13896    i.__hardfp_cosf     m_wm.l(cosf.o)
    0x080182e0   0x000001e8   Code   RO        13908    i.__hardfp_expf     m_wm.l(expf.o)
    0x080184c8   0x00000014   Code   RO        13922    i.__hardfp_fabs     m_wm.l(fabs.o)
    0x080184dc   0x00000190   Code   RO        13946    i.__hardfp_sinf     m_wm.l(sinf.o)
    0x0801866c   0x0000007a   Code   RO        13970    i.__hardfp_sqrt     m_wm.l(sqrt_full.o)
    0x080186e6   0x0000003a   Code   RO        13976    i.__hardfp_sqrtf    m_wm.l(sqrtf_full.o)
    0x08018720   0x0000017c   Code   RO        13958    i.__hardfp_tanf     m_wm.l(tanf.o)
    0x0801889c   0x00000006   Code   RO        14221    i.__mathlib_flt_infnan  m_wm.l(funder.o)
    0x080188a2   0x00000006   Code   RO        14222    i.__mathlib_flt_infnan2  m_wm.l(funder.o)
    0x080188a8   0x00000010   Code   RO        14223    i.__mathlib_flt_invalid  m_wm.l(funder.o)
    0x080188b8   0x00000010   Code   RO        14224    i.__mathlib_flt_overflow  m_wm.l(funder.o)
    0x080188c8   0x00000010   Code   RO        14226    i.__mathlib_flt_underflow  m_wm.l(funder.o)
    0x080188d8   0x00000154   Code   RO        14239    i.__mathlib_rredf2  m_wm.l(rredf.o)
    0x08018a2c   0x0000000e   Code   RO        14088    i._is_digit         c_w.l(__printf_wp.o)
    0x08018a3a   0x00000004   Code   RO         1487    i._sys_exit         retarget_printf.o
    0x08018a3e   0x00000002   PAD
    0x08018a40   0x0000001c   Code   RO         1488    i._ttywrch          retarget_printf.o
    0x08018a5c   0x0000003c   Code   RO         8320    i.adcx_get_chx_value  bsp_adc.o
    0x08018a98   0x0000016c   Code   RO        13337    i.angle_to_quat     AHRS.lib(ahrs.o)
    0x08018c04   0x00000030   Code   RO         9898    i.append_CRC16_check_sum  crc8_crc16.o
    0x08018c34   0x00000024   Code   RO         9899    i.append_CRC8_check_sum  crc8_crc16.o
    0x08018c58   0x00000044   Code   RO        12837    i.battery_voltage_task  voltage_task.o
    0x08018c9c   0x00000134   Code   RO         9249    i.bmi088_accel_init  bmi088driver.o
    0x08018dd0   0x000002fc   Code   RO         9250    i.bmi088_accel_self_test  bmi088driver.o
    0x080190cc   0x000000f4   Code   RO         9251    i.bmi088_gyro_init  bmi088driver.o
    0x080191c0   0x000000d0   Code   RO         9252    i.bmi088_gyro_self_test  bmi088driver.o
    0x08019290   0x000000d8   Code   RO        11891    i.board_rotate      imu_task.o
    0x08019368   0x0000013c   Code   RO         8753    i.bsp_I2C_check_ack  bsp_i2c.o
    0x080194a4   0x0000004c   Code   RO         8754    i.bsp_I2C_master_transmit  bsp_i2c.o
    0x080194f0   0x000000e8   Code   RO        12838    i.calc_battery_percentage  voltage_task.o
    0x080195d8   0x0000005c   Code   RO         8508    i.can_filter_init   bsp_can.o
    0x08019634   0x00000054   Code   RO        10675    i.chassis_task      chassis_task.o
    0x08019688   0x00000030   Code   RO         8582    i.delay_init        bsp_delay.o
    0x080196b8   0x00000050   Code   RO         8584    i.delay_us          bsp_delay.o
    0x08019708   0x00000124   Code   RO        10501    i.detect_hook       detect_task.o
    0x0801982c   0x0000002a   Code   RO         9764    i.fp32_constrain    user_lib.o
    0x08019856   0x00000002   PAD
    0x08019858   0x000000a0   Code   RO        12074    i.gEstimateKF_Init  imu_solve.o
    0x080198f8   0x00000104   Code   RO        12075    i.gEstimateKF_Update  imu_solve.o
    0x080199fc   0x00000034   Code   RO         9900    i.get_CRC16_check_sum  crc8_crc16.o
    0x08019a30   0x00000024   Code   RO         9901    i.get_CRC8_check_sum  crc8_crc16.o
    0x08019a54   0x00000024   Code   RO        12839    i.get_battery_percentage  voltage_task.o
    0x08019a78   0x00000048   Code   RO         8321    i.get_battery_voltage  bsp_adc.o
    0x08019ac0   0x00000008   Code   RO        10504    i.get_error_list_point  detect_task.o
    0x08019ac8   0x00000008   Code   RO        12716    i.get_remote_control_point  remote_control.o
    0x08019ad0   0x00000008   Code   RO        12717    i.get_sbus_point    remote_control.o
    0x08019ad8   0x000001a8   Code   RO        11899    i.imu_cmd_spi_dma   imu_task.o
    0x08019c80   0x0000000c   Code   RO         8720    i.imu_pwm_set       bsp_imu_pwm.o
    0x08019c8c   0x000000f4   Code   RO        11900    i.imu_rotate        imu_task.o
    0x08019d80   0x000000a4   Code   RO        11901    i.imu_temp_control  imu_task.o
    0x08019e24   0x00000040   Code   RO         8324    i.init_vrefint_reciprocal  bsp_adc.o
    0x08019e64   0x00000016   Code   RO         9766    i.int16_constrain   user_lib.o
    0x08019e7a   0x00000002   PAD
    0x08019e7c   0x0000003c   Code   RO        12076    i.invSqrt           imu_solve.o
    0x08019eb8   0x00000002   Code   RO         9504    i.ist8310_GPIO_init  ist8310driver_middleware.o
    0x08019eba   0x00000002   PAD
    0x08019ebc   0x00000028   Code   RO         9506    i.ist8310_IIC_read_single_reg  ist8310driver_middleware.o
    0x08019ee4   0x00000028   Code   RO         9508    i.ist8310_IIC_write_single_reg  ist8310driver_middleware.o
    0x08019f0c   0x00000014   Code   RO         9509    i.ist8310_RST_H     ist8310driver_middleware.o
    0x08019f20   0x00000014   Code   RO         9510    i.ist8310_RST_L     ist8310driver_middleware.o
    0x08019f34   0x00000002   Code   RO         9511    i.ist8310_com_init  ist8310driver_middleware.o
    0x08019f36   0x0000000c   Code   RO         9512    i.ist8310_delay_ms  ist8310driver_middleware.o
    0x08019f42   0x00000002   PAD
    0x08019f44   0x00000094   Code   RO         9469    i.ist8310_init      ist8310driver.o
    0x08019fd8   0x00000060   Code   RO         9769    i.loop_fp32_constrain  user_lib.o
    0x0801a038   0x00000080   Code   RO           15    i.main              main.o
    0x0801a0b8   0x0000000c   Code   RO         7413    i.makeFreeRtosPriority  cmsis_os.o
    0x0801a0c4   0x000002a0   Code   RO        12657    i.oled_task         oled_task.o
    0x0801a364   0x00000030   Code   RO         9119    i.oled_write_byte   oled.o
    0x0801a394   0x00000010   Code   RO         7415    i.osDelay           cmsis_os.o
    0x0801a3a4   0x0000000a   Code   RO         7418    i.osKernelStart     cmsis_os.o
    0x0801a3ae   0x00000014   Code   RO         7451    i.osSystickHandler  cmsis_os.o
    0x0801a3c2   0x0000005c   Code   RO         7452    i.osThreadCreate    cmsis_os.o
    0x0801a41e   0x00000002   PAD
    0x0801a420   0x00000024   Code   RO         6910    i.pcTaskGetName     tasks.o
    0x0801a444   0x00000080   Code   RO         6911    i.prvAddCurrentTaskToDelayedList  tasks.o
    0x0801a4c4   0x00000088   Code   RO         6912    i.prvAddNewTaskToReadyList  tasks.o
    0x0801a54c   0x0000005c   Code   RO         7260    i.prvCheckForValidListAndQueue  timers.o
    0x0801a5a8   0x00000040   Code   RO         6913    i.prvCheckTasksWaitingTermination  tasks.o
    0x0801a5e8   0x00000024   Code   RO         6567    i.prvCopyDataFromQueue  queue.o
    0x0801a60c   0x0000006e   Code   RO         6568    i.prvCopyDataToQueue  queue.o
    0x0801a67a   0x00000040   Code   RO         6914    i.prvDeleteTCB      tasks.o
    0x0801a6ba   0x00000002   PAD
    0x0801a6bc   0x00000024   Code   RO         7261    i.prvGetNextExpireTime  timers.o
    0x0801a6e0   0x00000050   Code   RO         7792    i.prvHeapInit       heap_4.o
    0x0801a730   0x00000028   Code   RO         6915    i.prvIdleTask       tasks.o
    0x0801a758   0x00000018   Code   RO         6571    i.prvInitialiseNewQueue  queue.o
    0x0801a770   0x00000090   Code   RO         6916    i.prvInitialiseNewTask  tasks.o
    0x0801a800   0x00000060   Code   RO         6917    i.prvInitialiseTaskLists  tasks.o
    0x0801a860   0x0000005c   Code   RO         7793    i.prvInsertBlockIntoFreeList  heap_4.o
    0x0801a8bc   0x00000048   Code   RO         7263    i.prvInsertTimerInActiveList  timers.o
    0x0801a904   0x0000001a   Code   RO         6572    i.prvIsQueueEmpty   queue.o
    0x0801a91e   0x0000001e   Code   RO         6573    i.prvIsQueueFull    queue.o
    0x0801a93c   0x0000005c   Code   RO         7264    i.prvProcessExpiredTimer  timers.o
    0x0801a998   0x000000d8   Code   RO         7265    i.prvProcessReceivedCommands  timers.o
    0x0801aa70   0x0000006c   Code   RO         7266    i.prvProcessTimerOrBlockTask  timers.o
    0x0801aadc   0x00000024   Code   RO         6918    i.prvResetNextTaskUnblockTime  tasks.o
    0x0801ab00   0x0000002c   Code   RO         7267    i.prvSampleTimeNow  timers.o
    0x0801ab2c   0x0000005e   Code   RO         6919    i.prvSearchForNameWithinSingleList  tasks.o
    0x0801ab8a   0x00000002   PAD
    0x0801ab8c   0x00000074   Code   RO         7268    i.prvSwitchTimerLists  timers.o
    0x0801ac00   0x00000018   Code   RO         6920    i.prvTaskCheckFreeStackSpace  tasks.o
    0x0801ac18   0x00000030   Code   RO         7842    i.prvTaskExitError  port.o
    0x0801ac48   0x00000014   Code   RO         7269    i.prvTimerTask      timers.o
    0x0801ac5c   0x00000068   Code   RO         6574    i.prvUnlockQueue    queue.o
    0x0801acc4   0x000000e4   Code   RO         7794    i.pvPortMalloc      heap_4.o
    0x0801ada8   0x0000002c   Code   RO         7843    i.pxPortInitialiseStack  port.o
    0x0801add4   0x00000020   Code   RO        12718    i.remote_control_init  remote_control.o
    0x0801adf4   0x000000da   Code   RO        12719    i.sbus_to_rc        remote_control.o
    0x0801aece   0x00000002   PAD
    0x0801aed0   0x00000058   Code   RO        12720    i.sbus_to_usart1    remote_control.o
    0x0801af28   0x0000003e   Code   RO        13978    i.sqrtf             m_wm.l(sqrtf_full.o)
    0x0801af66   0x00000002   PAD
    0x0801af68   0x00000054   Code   RO         9774    i.theta_transform   user_lib.o
    0x0801afbc   0x00000018   Code   RO        10505    i.toe_is_error      detect_task.o
    0x0801afd4   0x00000068   Code   RO         6923    i.ulTaskNotifyTake  tasks.o
    0x0801b03c   0x000000a8   Code   RO         8992    i.usart1_tx_dma_enable  bsp_usart.o
    0x0801b0e4   0x00000074   Code   RO         8993    i.usart1_tx_dma_init  bsp_usart.o
    0x0801b158   0x000000c4   Code   RO        11760    i.usb_task          usb_task.o
    0x0801b21c   0x00000026   Code   RO         6527    i.uxListRemove      list.o
    0x0801b242   0x00000002   PAD
    0x0801b244   0x00000014   Code   RO         6925    i.uxTaskGetStackHighWaterMark  tasks.o
    0x0801b258   0x00000018   Code   RO          370    i.vApplicationGetIdleTaskMemory  freertos.o
    0x0801b270   0x00000018   Code   RO          371    i.vApplicationGetTimerTaskMemory  freertos.o
    0x0801b288   0x00000016   Code   RO         6528    i.vListInitialise   list.o
    0x0801b29e   0x00000006   Code   RO         6529    i.vListInitialiseItem  list.o
    0x0801b2a4   0x00000036   Code   RO         6530    i.vListInsert       list.o
    0x0801b2da   0x00000018   Code   RO         6531    i.vListInsertEnd    list.o
    0x0801b2f2   0x00000002   PAD
    0x0801b2f4   0x00000040   Code   RO         7845    i.vPortEnterCritical  port.o
    0x0801b334   0x0000002c   Code   RO         7846    i.vPortExitCritical  port.o
    0x0801b360   0x0000005c   Code   RO         7795    i.vPortFree         heap_4.o
    0x0801b3bc   0x00000024   Code   RO         7847    i.vPortSetupTimerInterrupt  port.o
    0x0801b3e0   0x00000054   Code   RO         7848    i.vPortValidateInterruptPriority  port.o
    0x0801b434   0x00000028   Code   RO         6578    i.vQueueAddToRegistry  queue.o
    0x0801b45c   0x0000004a   Code   RO         6581    i.vQueueWaitForMessageRestricted  queue.o
    0x0801b4a6   0x00000002   PAD
    0x0801b4a8   0x00000050   Code   RO         6929    i.vTaskDelay        tasks.o
    0x0801b4f8   0x0000009c   Code   RO         6930    i.vTaskDelayUntil   tasks.o
    0x0801b594   0x00000010   Code   RO         6933    i.vTaskInternalSetTimeOutState  tasks.o
    0x0801b5a4   0x0000000c   Code   RO         6934    i.vTaskMissedYield  tasks.o
    0x0801b5b0   0x000000c0   Code   RO         6935    i.vTaskNotifyGiveFromISR  tasks.o
    0x0801b670   0x00000034   Code   RO         6936    i.vTaskPlaceOnEventList  tasks.o
    0x0801b6a4   0x0000003c   Code   RO         6937    i.vTaskPlaceOnEventListRestricted  tasks.o
    0x0801b6e0   0x00000090   Code   RO         6944    i.vTaskStartScheduler  tasks.o
    0x0801b770   0x00000010   Code   RO         6946    i.vTaskSuspendAll   tasks.o
    0x0801b780   0x00000060   Code   RO         6947    i.vTaskSwitchContext  tasks.o
    0x0801b7e0   0x00000040   Code   RO         9902    i.verify_CRC16_check_sum  crc8_crc16.o
    0x0801b820   0x0000002e   Code   RO         9903    i.verify_CRC8_check_sum  crc8_crc16.o
    0x0801b84e   0x00000002   PAD
    0x0801b850   0x00000104   Code   RO         7849    i.xPortStartScheduler  port.o
    0x0801b954   0x0000002c   Code   RO         7850    i.xPortSysTickHandler  port.o
    0x0801b980   0x00000070   Code   RO         6585    i.xQueueGenericCreateStatic  queue.o
    0x0801b9f0   0x00000090   Code   RO         6586    i.xQueueGenericReset  queue.o
    0x0801ba80   0x00000170   Code   RO         6587    i.xQueueGenericSend  queue.o
    0x0801bbf0   0x000000bc   Code   RO         6588    i.xQueueGenericSendFromISR  queue.o
    0x0801bcac   0x00000148   Code   RO         6596    i.xQueueReceive     queue.o
    0x0801bdf4   0x00000098   Code   RO         6949    i.xTaskCheckForTimeOut  tasks.o
    0x0801be8c   0x0000006c   Code   RO         6950    i.xTaskCreate       tasks.o
    0x0801bef8   0x00000060   Code   RO         6951    i.xTaskCreateStatic  tasks.o
    0x0801bf58   0x0000008c   Code   RO         6955    i.xTaskGetHandle    tasks.o
    0x0801bfe4   0x0000001c   Code   RO         6956    i.xTaskGetSchedulerState  tasks.o
    0x0801c000   0x0000000c   Code   RO         6957    i.xTaskGetTickCount  tasks.o
    0x0801c00c   0x000000d0   Code   RO         6959    i.xTaskIncrementTick  tasks.o
    0x0801c0dc   0x0000009c   Code   RO         6962    i.xTaskPriorityDisinherit  tasks.o
    0x0801c178   0x00000078   Code   RO         6964    i.xTaskRemoveFromEventList  tasks.o
    0x0801c1f0   0x000000cc   Code   RO         6965    i.xTaskResumeAll    tasks.o
    0x0801c2bc   0x00000068   Code   RO         7274    i.xTimerCreateTimerTask  timers.o
    0x0801c324   0x00000074   Code   RO         7275    i.xTimerGenericCommand  timers.o
    0x0801c398   0x0000002c   Code   RO        14363    locale$$code        c_w.l(lc_numeric_c.o)
    0x0801c3c4   0x0000002c   Code   RO        14392    locale$$code        c_w.l(lc_ctype_c.o)
    0x0801c3f0   0x000002c4   Code   RO        13816    x$fpl$d2f           g_wm.l(d2f_clz.o)
    0x0801c6b4   0x0000024c   Code   RO        13818    x$fpl$dadd          g_wm.l(daddsub_clz.o)
    0x0801c900   0x00000018   Code   RO        14168    x$fpl$dcmpinf       g_wm.l(dcmpi.o)
    0x0801c918   0x00000074   Code   RO        13828    x$fpl$deqf          g_wm.l(deqf.o)
    0x0801c98c   0x0000001a   Code   RO        13836    x$fpl$dfltn         g_wm.l(dflt_clz.o)
    0x0801c9a6   0x00000002   PAD
    0x0801c9a8   0x00000078   Code   RO        13840    x$fpl$dleqf         g_wm.l(dleqf.o)
    0x0801ca20   0x00000102   Code   RO        14170    x$fpl$dnaninf       g_wm.l(dnaninf.o)
    0x0801cb22   0x00000070   Code   RO        14172    x$fpl$drenorm       g_wm.l(drenorm_clz.o)
    0x0801cb92   0x0000000c   Code   RO        14174    x$fpl$dretinf       g_wm.l(dretinf.o)
    0x0801cb9e   0x00000062   Code   RO        13844    x$fpl$drleqf        g_wm.l(drleqf.o)
    0x0801cc00   0x00000208   Code   RO        14176    x$fpl$dsqrt         g_wm.l(dsqrt_umaalclz.o)
    0x0801ce08   0x0000029c   Code   RO        13820    x$fpl$dsub          g_wm.l(daddsub_clz.o)
    0x0801d0a4   0x0000017a   Code   RO        14178    x$fpl$dunder        g_wm.l(dunder_clz.o)
    0x0801d21e   0x00000002   PAD
    0x0801d220   0x000001ec   Code   RO        14180    x$fpl$exception     g_wm.l(except.o)
    0x0801d40c   0x0000007a   Code   RO        13846    x$fpl$f2d           g_wm.l(f2d.o)
    0x0801d486   0x000000f2   Code   RO        14182    x$fpl$fnaninf       g_wm.l(fnaninf.o)
    0x0801d578   0x0000000a   Code   RO        14314    x$fpl$fpinit        g_wm.l(fpinit.o)
    0x0801d582   0x0000000a   Code   RO        14184    x$fpl$fretinf       g_wm.l(fretinf.o)
    0x0801d58c   0x0000013c   Code   RO        14186    x$fpl$funder        g_wm.l(funder_clz.o)
    0x0801d6c8   0x00000020   Code   RO        14188    x$fpl$ieeestatus    g_wm.l(istatus.o)
    0x0801d6e8   0x00000004   Code   RO        14190    x$fpl$printf1       g_wm.l(printf1.o)
    0x0801d6ec   0x00000004   Code   RO        14192    x$fpl$printf2       g_wm.l(printf2.o)
    0x0801d6f0   0x000000b2   Code   RO        14316    x$fpl$retnan        g_wm.l(retnan.o)
    0x0801d7a2   0x0000007e   Code   RO        14198    x$fpl$trapveneer    g_wm.l(trapv.o)
    0x0801d820   0x00000000   Code   RO        14200    x$fpl$usenofp       g_wm.l(usenofp.o)
    0x0801d820   0x0000008c   Data   RO          373    .constdata          freertos.o
    0x0801d8ac   0x00000008   Data   RO         2630    .constdata          stm32f4xx_hal_dma.o
    0x0801d8b4   0x00000018   Data   RO         6391    .constdata          system_stm32f4xx.o
    0x0801d8cc   0x00001164   Data   RO         9121    .constdata          oled.o
    0x0801ea30   0x00000012   Data   RO         9257    .constdata          bmi088driver.o
    0x0801ea42   0x0000000c   Data   RO         9472    .constdata          ist8310driver.o
    0x0801ea4e   0x00000302   Data   RO         9904    .constdata          crc8_crc16.o
    0x0801ed50   0x00000004   Data   RO        10890    .constdata          clamp_control.o
    0x0801ed54   0x000000f8   Data   RO        11067    .constdata          chassis_balance.o
    0x0801ee4c   0x0000000c   Data   RO        11903    .constdata          imu_task.o
    0x0801ee58   0x00000024   Data   RO        12078    .constdata          imu_solve.o
    0x0801ee7c   0x00001164   Data   RO        12658    .constdata          oled_task.o
    0x0801ffe0   0x00000804   Data   RO        13699    .constdata          arm_cortexM4lf_math.lib(arm_common_tables.o)
    0x080207e4   0x00000030   Data   RO        13911    .constdata          m_wm.l(expf.o)
    0x08020814   0x00000008   Data   RO        14047    .constdata          c_w.l(_printf_wctomb.o)
    0x0802081c   0x00000028   Data   RO        14076    .constdata          c_w.l(_printf_hex_int_ll_ptr.o)
    0x08020844   0x00000011   Data   RO        14096    .constdata          c_w.l(__printf_flags_ss_wp.o)
    0x08020855   0x00000003   PAD
    0x08020858   0x00000020   Data   RO        14240    .constdata          m_wm.l(rredf.o)
    0x08020878   0x00000026   Data   RO        14290    .constdata          c_w.l(_printf_fp_hex.o)
    0x0802089e   0x00000002   PAD
    0x080208a0   0x00000094   Data   RO        14338    .constdata          c_w.l(bigflt0.o)
    0x08020934   0x00000038   Data   RO          374    .conststring        freertos.o
    0x0802096c   0x00000020   Data   RO        14442    Region$$Table       anon$$obj.o
    0x0802098c   0x0000001c   Data   RO        14362    locale$$data        c_w.l(lc_numeric_c.o)
    0x080209a8   0x00000110   Data   RO        14391    locale$$data        c_w.l(lc_ctype_c.o)


    Execution Region RW_IRAM1 (Base: 0x20000000, Size: 0x00010ae0, Max: 0x00020000, ABSOLUTE, COMPRESSED[0x000010cc])

    Base Addr    Size         Type   Attr      Idx    E Section Name        Object

    0x20000000   0x00000028   Data   RW          375    .data               freertos.o
    0x20000028   0x00000004   Data   RW          507    .data               can.o
    0x2000002c   0x00000008   Data   RW          554    .data               crc.o
    0x20000034   0x0000004e   Data   RW         1188    .data               usbd_desc.o
    0x20000082   0x00000002   PAD
    0x20000084   0x00000018   Data   RW         1276    .data               usbd_cdc_if.o
    0x2000009c   0x0000000c   Data   RW         3052    .data               stm32f4xx_hal.o
    0x200000a8   0x00000004   Data   RW         6392    .data               system_stm32f4xx.o
    0x200000ac   0x0000003c   Data   RW         6968    .data               tasks.o
    0x200000e8   0x00000014   Data   RW         7283    .data               timers.o
    0x200000fc   0x00000018   Data   RW         7800    .data               heap_4.o
    0x20000114   0x0000000c   Data   RW         7851    .data               port.o
    0x20000120   0x00000001   Data   RW         8073    .data               usbd_ctlreq.o
    0x20000121   0x00000003   PAD
    0x20000124   0x000000d7   Data   RW         8229    .data               usbd_cdc.o
    0x200001fb   0x00000001   PAD
    0x200001fc   0x00000038   Data   RW         8230    .data               usbd_cdc.o
    0x20000234   0x00000004   Data   RW         8326    .data               bsp_adc.o
    0x20000238   0x00000008   Data   RW         8585    .data               bsp_delay.o
    0x20000240   0x00000008   Data   RW         9122    .data               oled.o
    0x20000248   0x0000002c   Data   RW         9258    .data               bmi088driver.o
    0x20000274   0x00000002   Data   RW         9905    .data               crc8_crc16.o
    0x20000276   0x00000004   Data   RW        10244    .data               kalman_filter.o
    0x2000027a   0x00000002   PAD
    0x2000027c   0x00000005   Data   RW        10631    .data               data_exchange.o
    0x20000281   0x00000003   PAD
    0x20000284   0x00000004   Data   RW        10676    .data               chassis_task.o
    0x20000288   0x00000023   Data   RW        10891    .data               clamp_control.o
    0x200002ab   0x00000001   PAD
    0x200002ac   0x0000002a   Data   RW        11068    .data               chassis_balance.o
    0x200002d6   0x00000002   PAD
    0x200002d8   0x00001248   Data   RW        11483    .data               chassis_balance_extras.o
    0x20001520   0x00000028   Data   RW        11762    .data               usb_task.o
    0x20001548   0x000000c8   Data   RW        11904    .data               imu_task.o
    0x20001610   0x000003d4   Data   RW        12079    .data               imu_solve.o
    0x200019e4   0x00000017   Data   RW        12659    .data               oled_task.o
    0x200019fb   0x00000001   PAD
    0x200019fc   0x00000038   Data   RW        12724    .data               remote_control.o
    0x20001a34   0x00000008   Data   RW        12840    .data               voltage_task.o
    0x20001a3c   0x00000005   Data   RW        12978    .data               can_receive.o
    0x20001a41   0x00000003   PAD
    0x20001a44   0x00000004   Data   RW        13148    .data               motor.o
    0x20001a48   0x00000024   Data   RW        13191    .data               can_cmd_lingkong.o
    0x20001a6c   0x00000010   Data   RW        13346    .data               AHRS.lib(ahrs.o)
    0x20001a7c   0x000006a8   Zero   RW          372    .bss                freertos.o
    0x20002124   0x00000090   Zero   RW          458    .bss                adc.o
    0x200021b4   0x00000050   Zero   RW          506    .bss                can.o
    0x20002204   0x0000015c   Zero   RW          622    .bss                i2c.o
    0x20002360   0x00000010   Zero   RW          674    .bss                rng.o
    0x20002370   0x00000020   Zero   RW          716    .bss                rtc.o
    0x20002390   0x00000170   Zero   RW          759    .bss                spi.o
    0x20002500   0x00000180   Zero   RW          812    .bss                tim.o
    0x20002680   0x000002a0   Zero   RW          886    .bss                usart.o
    0x20002920   0x0000029c   Zero   RW          936    .bss                usb_device.o
    0x20002bbc   0x00000408   Zero   RW         1012    .bss                usbd_conf.o
    0x20002fc4   0x00000200   Zero   RW         1187    .bss                usbd_desc.o
    0x200031c4   0x00001800   Zero   RW         1275    .bss                usbd_cdc_if.o
    0x200049c4   0x00000040   Zero   RW         6599    .bss                queue.o
    0x20004a04   0x000000f0   Zero   RW         6967    .bss                tasks.o
    0x20004af4   0x00000110   Zero   RW         7282    .bss                timers.o
    0x20004c04   0x00006000   Zero   RW         7799    .bss                heap_4.o
    0x2000ac04   0x00000010   Zero   RW         8325    .bss                bsp_adc.o
    0x2000ac14   0x00000417   Zero   RW         9120    .bss                oled.o
    0x2000b02b   0x0000018c   Zero   RW        10506    .bss                detect_task.o
    0x2000b1b7   0x000000a0   Zero   RW        10889    .bss                clamp_control.o
    0x2000b257   0x00000001   PAD
    0x2000b258   0x00000eba   Zero   RW        11066    .bss                chassis_balance.o
    0x2000c112   0x00000002   PAD
    0x2000c114   0x00000304   Zero   RW        11761    .bss                usb_task.o
    0x2000c418   0x00000130   Zero   RW        11902    .bss                imu_task.o
    0x2000c548   0x000002e0   Zero   RW        12077    .bss                imu_solve.o
    0x2000c828   0x00000072   Zero   RW        12723    .bss                remote_control.o
    0x2000c89a   0x00000002   PAD
    0x2000c89c   0x00000168   Zero   RW        12977    .bss                can_receive.o
    0x2000ca04   0x00000078   Zero   RW        13147    .bss                motor.o
    0x2000ca7c   0x00000060   Zero   RW        14249    .bss                c_w.l(libspace.o)
    0x2000cadc   0x00000004   PAD
    0x2000cae0   0x00002000   Zero   RW            2    HEAP                startup_stm32f407xx.o
    0x2000eae0   0x00002000   Zero   RW            1    STACK               startup_stm32f407xx.o


==============================================================================

Image component sizes


      Code (inc. data)   RO Data    RW Data    ZI Data      Debug   Object Name

       396         42          0          0        144       2422   adc.o
       168          4          0          0          0       5660   ahrs_middleware.o
      2338         40         18         44          0      10915   bmi088driver.o
       140         28          0          0          0       5032   bmi088middleware.o
       196         28          0          4         16     618073   bsp_adc.o
       146          8          0          0          0       2204   bsp_can.o
       128         20          0          8          0       1396   bsp_delay.o
      1184         84          0          0          0       5417   bsp_i2c.o
        12          4          0          0          0        522   bsp_imu_pwm.o
       156         14          0          0          0       1058   bsp_rc.o
     10428        170          0          0          0       5702   bsp_spi.o
        76          0          0          0          0       1708   bsp_uart.o
       284         24          0          0          0       1728   bsp_usart.o
       488         44          0          4         80       2498   can.o
         0          0          0          0          0       3442   can_cmd_cybergear.o
      1136        126          0         36          0       7346   can_cmd_lingkong.o
      1106        106          0          5        360      11068   can_receive.o
     15252        912        248         42       3770      64293   chassis_balance.o
      4456        150          0       4680          0      18071   chassis_balance_extras.o
        84          4          0          4          0     601308   chassis_task.o
      2344        376          4         35        160      17371   clamp_control.o
       112          0          0          0          0       3384   clist.o
       150          0          0          0          0      22890   cmsis_os.o
        84         18          0          8          0       1551   crc.o
       282         20        770          2          0       5326   crc8_crc16.o
       188         14          0          5          0       2846   data_exchange.o
       324         12          0          0        396       7295   detect_task.o
       200          6          0          0          0        886   dma.o
         0          0          0          0          0      17944   event_groups.o
       200         44        196         40       1704       5591   freertos.o
       596         30          0          0          0       1355   gpio.o
       492         32          0         24      24576       5079   heap_4.o
       700         80          0          0        348       3188   i2c.o
      3332        218         36        980        736      11700   imu_solve.o
      4204        324         12        200        304      19898   imu_task.o
       148          6         12          0          0       2043   ist8310driver.o
       136         22          0          0          0       4147   ist8310driver_middleware.o
      3084         20          0          4          0      19049   kalman_filter.o
       144          0          0          0          0       3734   list.o
       342         14          0          0          0     789552   main.o
        68         10          0          4        120       1597   motor.o
      1080         52       4452          8       1047      11779   oled.o
       672         76       4452         23          0       4406   oled_task.o
      1434         18          0          0          0       5097   pid.o
       814         92          0         12          0      12281   port.o
      1584         24          0          0         64      15380   queue.o
      1566        106          0         56        114      11377   remote_control.o
        32          6          0          0          0       1027   retarget_printf.o
        84         18          0          0         16       1551   rng.o
        76         16          0          0         32       1499   rtc.o
       604         54          0          0        368       2660   spi.o
        64         26        392          0      16384        864   startup_stm32f407xx.o
       188         30          0         12          0       4745   stm32f4xx_hal.o
      1234         44          0          0          0       5458   stm32f4xx_hal_adc.o
      2054          6          0          0          0      16225   stm32f4xx_hal_can.o
       208         16          0          0          0      33787   stm32f4xx_hal_cortex.o
        40          0          0          0          0       1107   stm32f4xx_hal_crc.o
       942         18          8          0          0       5095   stm32f4xx_hal_dma.o
       578         28          0          0          0       3247   stm32f4xx_hal_gpio.o
      3244         64          0          0          0      16012   stm32f4xx_hal_i2c.o
        84          6          0          0          0        882   stm32f4xx_hal_msp.o
      2534         18          0          0          0      13861   stm32f4xx_hal_pcd.o
        84          0          0          0          0       2653   stm32f4xx_hal_pcd_ex.o
      1638        100          0          0          0       6576   stm32f4xx_hal_rcc.o
       380         34          0          0          0       1572   stm32f4xx_hal_rcc_ex.o
        52          0          0          0          0       1135   stm32f4xx_hal_rng.o
       312          0          0          0          0       2800   stm32f4xx_hal_rtc.o
       900          8          0          0          0       4745   stm32f4xx_hal_spi.o
      1450         46          0          0          0      13563   stm32f4xx_hal_tim.o
       180          0          0          0          0       2316   stm32f4xx_hal_tim_ex.o
      2002         20          0          0          0      10711   stm32f4xx_hal_uart.o
       184         42          0          0          0       9045   stm32f4xx_it.o
      2762        110          0          0          0      24074   stm32f4xx_ll_usb.o
         0          0          0          0          0        408   stream_buffer.o
       100         18         24          4          0       1227   system_stm32f4xx.o
      3034        254          0         60        240      33259   tasks.o
      2124        162          0          0        384       7007   tim.o
      1016         96          0         20        272      27779   timers.o
      1016         94          0          0        672       3667   usart.o
        76         16          0          0        668       2551   usb_device.o
      2164        244          0         40        772      11659   usb_task.o
       836         16          0        271          0      14098   usbd_cdc.o
       366         48          0         24       6144       5373   usbd_cdc_if.o
       990         18          0          0       1032      16300   usbd_conf.o
       736          0          0          0          0      13401   usbd_core.o
      1648         30          0          1          0      12124   usbd_ctlreq.o
       386        122          0         78        512       6877   usbd_desc.o
       132          0          0          0          0       4688   usbd_ioreq.o
       306         14          0          0          0       5487   user_lib.o
       336         72          0          8          0       2197   voltage_task.o

    ----------------------------------------------------------------------
     99714       5336      10656       6764      61440    2731921   Object Totals
         0          0         32          0          0          0   (incl. Generated)
        84          0          0         18          5          0   (incl. Padding)

    ----------------------------------------------------------------------

      Code (inc. data)   RO Data    RW Data    ZI Data      Debug   Library Member Name

      1032         42          0         16          0       4148   ahrs.o
         0          0       2052          0          0       4636   arm_common_tables.o
       120         12          0          0          0      16970   arm_cos_f32.o
       264          0          0          0          0       1482   arm_mat_add_f32.o
         8          0          0          0          0        843   arm_mat_init_f32.o
      1328          4          0          0          0       2718   arm_mat_inverse_f32.o
       316          4          0          0          0       1627   arm_mat_mult_f32.o
       264          0          0          0          0       1482   arm_mat_sub_f32.o
       276          0          0          0          0       1516   arm_mat_trans_f32.o
       116         12          0          0          0        658   arm_sin_f32.o
       100          0          0          0          0          0   __dclz77c.o
         8          0          0          0          0         68   __main.o
       392          4         17          0          0         92   __printf_flags_ss_wp.o
        14          0          0          0          0         68   __printf_wp.o
         0          0          0          0          0          0   __rtentry.o
        12          0          0          0          0          0   __rtentry2.o
         6          0          0          0          0          0   __rtentry4.o
        52          8          0          0          0          0   __scatter.o
        28          0          0          0          0          0   __scatter_zi.o
        48          4          0          0          0         84   _fptrap.o
         6          0          0          0          0          0   _printf_a.o
         6          0          0          0          0          0   _printf_c.o
        44          0          0          0          0        108   _printf_char.o
        48          6          0          0          0         96   _printf_char_common.o
        40          0          0          0          0         68   _printf_charcount.o
         6          0          0          0          0          0   _printf_d.o
       120         16          0          0          0         92   _printf_dec.o
         6          0          0          0          0          0   _printf_e.o
         6          0          0          0          0          0   _printf_f.o
      1050          0          0          0          0        216   _printf_fp_dec.o
       764          8         38          0          0        100   _printf_fp_hex.o
       128         16          0          0          0         84   _printf_fp_infnan.o
         6          0          0          0          0          0   _printf_g.o
       148          4         40          0          0        160   _printf_hex_int_ll_ptr.o
         6          0          0          0          0          0   _printf_i.o
       178          0          0          0          0         88   _printf_intcommon.o
        10          0          0          0          0          0   _printf_l.o
         6          0          0          0          0          0   _printf_lc.o
        10          0          0          0          0          0   _printf_ll.o
         6          0          0          0          0          0   _printf_lld.o
         6          0          0          0          0          0   _printf_lli.o
         6          0          0          0          0          0   _printf_llo.o
         6          0          0          0          0          0   _printf_llu.o
         6          0          0          0          0          0   _printf_llx.o
       124         16          0          0          0         92   _printf_longlong_dec.o
         6          0          0          0          0          0   _printf_ls.o
         6          0          0          0          0          0   _printf_n.o
         6          0          0          0          0          0   _printf_o.o
       112         10          0          0          0        124   _printf_oct_int_ll.o
         6          0          0          0          0          0   _printf_p.o
        78          0          0          0          0        108   _printf_pad.o
         0          0          0          0          0          0   _printf_percent.o
         4          0          0          0          0          0   _printf_percent_end.o
         6          0          0          0          0          0   _printf_s.o
        82          0          0          0          0         80   _printf_str.o
        36          0          0          0          0         84   _printf_truncate.o
         6          0          0          0          0          0   _printf_u.o
        44          0          0          0          0        108   _printf_wchar.o
       188          6          8          0          0         92   _printf_wctomb.o
         6          0          0          0          0          0   _printf_x.o
        22          0          0          0          0        100   _rserrno.o
        10          0          0          0          0         68   _sputc.o
        64          0          0          0          0         92   _wcrtomb.o
        16          0          0          0          0         68   aeabi_memset.o
       220          4        148          0          0         96   bigflt0.o
      1910        128          0          0          0        672   btod.o
        10          0          0          0          0         68   defsig_exit.o
       172        110          0          0          0         76   defsig_fpe_inner.o
        14          0          0          0          0         80   defsig_fpe_outer.o
        50          0          0          0          0         88   defsig_general.o
        80         58          0          0          0         76   defsig_rtmem_inner.o
        14          0          0          0          0         80   defsig_rtmem_outer.o
        18          0          0          0          0         80   exit.o
        94          0          0          0          0         80   h1_alloc.o
        52          0          0          0          0         68   h1_extend.o
        78          0          0          0          0         80   h1_free.o
        14          0          0          0          0         84   h1_init.o
         6          0          0          0          0        152   heapauxi.o
         4          0          0          0          0        136   hguard.o
       138          0          0          0          0        168   init_alloc.o
        44         10        272          0          0         76   lc_ctype_c.o
        44         10         28          0          0         76   lc_numeric_c.o
         2          0          0          0          0          0   libinit.o
        42          0          0          0          0          0   libinit2.o
         2          0          0          0          0          0   libshutdown.o
         2          0          0          0          0          0   libshutdown2.o
         8          4          0          0         96         68   libspace.o
       138          0          0          0          0         80   lludiv10.o
       238          0          0          0          0        100   lludivv7m.o
         0          0          0          0          0          0   maybetermalloc1.o
        88          0          0          0          0         76   memcmp.o
        16          4          0          0          0         76   rt_ctype_table.o
         8          4          0          0          0         68   rt_errno_addr_intlibspace.o
         8          4          0          0          0         68   rt_heap_descriptor_intlibspace.o
         8          4          0          0          0         68   rt_locale_intlibspace.o
        68          0          0          0          0         68   rt_memclr.o
        78          0          0          0          0         80   rt_memclr_w.o
       138          0          0          0          0         68   rt_memcpy_v6.o
       100          0          0          0          0         80   rt_memcpy_w.o
         2          0          0          0          0          0   rtexit.o
        10          0          0          0          0          0   rtexit2.o
       128          0          0          0          0         68   strcmpv7m.o
        62          0          0          0          0         76   strlen.o
        74          0          0          0          0         80   sys_stackheap_outer.o
         2          0          0          0          0         68   use_no_semi.o
         2          0          0          0          0         68   use_no_semi_2.o
        36          4          0          0          0         76   vsprintf.o
       708         16          0          0          0        140   d2f_clz.o
      1256         28          0          0          0        408   daddsub_clz.o
        24          0          0          0          0        116   dcmpi.o
       116          8          0          0          0        140   deqf.o
        26          0          0          0          0        116   dflt_clz.o
       120          8          0          0          0        140   dleqf.o
       258          4          0          0          0        156   dnaninf.o
       112          0          0          0          0        160   drenorm_clz.o
        12          0          0          0          0        116   dretinf.o
        98          0          0          0          0        128   drleqf.o
       520         56          0          0          0        180   dsqrt_umaalclz.o
       378          0          0          0          0        168   dunder_clz.o
       492         36          0          0          0        148   except.o
       122          8          0          0          0        132   f2d.o
       242          4          0          0          0        144   fnaninf.o
        10          0          0          0          0        116   fpinit.o
        10          0          0          0          0        116   fretinf.o
       316          0          0          0          0        132   funder_clz.o
        32          4          0          0          0        116   istatus.o
         4          0          0          0          0        116   printf1.o
         4          0          0          0          0        116   printf2.o
       178          0          0          0          0        116   retnan.o
       126          0          0          0          0        148   trapv.o
         0          0          0          0          0          0   usenofp.o
       280         46          0          0          0        176   acosf.o
       300         42          0          0          0        176   asinf.o
       592         90          0          0          0        184   atan2f.o
       336         56          0          0          0        136   cosf.o
       488         62         48          0          0        236   expf.o
        20          0          0          0          0        124   fabs.o
        48          0          0          0          0        124   fpclassify.o
        38          0          0          0          0        116   fpclassifyf.o
        60         18          0          0          0        580   funder.o
       340         24         32          0          0        160   rredf.o
       400         56          0          0          0        212   sinf.o
       122          0          0          0          0        148   sqrt_full.o
       120          0          0          0          0        272   sqrtf_full.o
       380         58          0          0          0        200   tanf.o

    ----------------------------------------------------------------------
     20758       1140       2688         16        100      48204   Library Totals
        24          0          5          0          4          0   (incl. Padding)

    ----------------------------------------------------------------------

      Code (inc. data)   RO Data    RW Data    ZI Data      Debug   Library Name

      1032         42          0         16          0       4148   AHRS.lib
      2692         32       2052          0          0      31932   arm_cortexM4lf_math.lib
      8322        442        551          0         96       5912   c_w.l
      5164        172          0          0          0       3368   g_wm.l
      3524        452         80          0          0       2844   m_wm.l

    ----------------------------------------------------------------------
     20758       1140       2688         16        100      48204   Library Totals

    ----------------------------------------------------------------------

==============================================================================


      Code (inc. data)   RO Data    RW Data    ZI Data      Debug   

    120472       6476      13344       6780      61540    2711445   Grand Totals
    120472       6476      13344       4300      61540    2711445   ELF Image Totals (compressed)
    120472       6476      13344       4300          0          0   ROM Totals

==============================================================================

    Total RO  Size (Code + RO Data)               133816 ( 130.68kB)
    Total RW  Size (RW Data + ZI Data)             68320 (  66.72kB)
    Total ROM Size (Code + RO Data + RW Data)     138116 ( 134.88kB)

==============================================================================

